Filesystem volume name:   <none>
Last mounted on:          <not available>
Filesystem UUID:          18059031-319d-4ce6-84d8-3f9039361af2
Filesystem magic number:  0xEF53
Filesystem revision #:    1 (dynamic)
Filesystem features:      has_journal ext_attr resize_inode dir_index filetype extent 64bit flex_bg sparse_super large_file huge_file dir_nlink extra_isize metadata_csum
Filesystem flags:         signed_directory_hash 
Default mount options:    user_xattr acl
Filesystem state:         clean
Errors behavior:          Continue
Filesystem OS type:       Linux
Inode count:              30531584
Block count:              122096646
Reserved block count:     6104832
Free blocks:              119899305
Free inodes:              30531573
First block:              0
Block size:               4096
Fragment size:            4096
Group descriptor size:    64
Reserved GDT blocks:      1024
Blocks per group:         32768
Fragments per group:      32768
Inodes per group:         8192
Inode blocks per group:   512
Flex block group size:    16
Filesystem created:       Thu Aug  1 14:35:15 2019
Last mount time:          n/a
Last write time:          Thu Aug  1 14:35:30 2019
Mount count:              0
Maximum mount count:      -1
Last checked:             Thu Aug  1 14:35:15 2019
Check interval:           0 (<none>)
Lifetime writes:          1029 MB
Reserved blocks uid:      0 (user root)
Reserved blocks gid:      0 (group root)
First inode:              11
Inode size:	          256
Required extra isize:     32
Desired extra isize:      32
Journal inode:            8
Default directory hash:   half_md4
Directory Hash Seed:      4c0edc98-0631-4031-ab1a-a0fa496b075a
Journal backup:           inode blocks
Checksum type:            crc32c
Checksum:                 0x615ddf83
Journal features:         (none)
Journal size:             1024M
Journal length:           262144
Journal sequence:         0x00000001
Journal start:            0


Group 0: (Blocks 0-32767) csum 0x5816
  Primary superblock at 0, Group descriptors at 1-59
  Reserved GDT blocks at 60-1083
  Block bitmap at 1084 (+1084), csum 0x1ddf935c
  Inode bitmap at 1100 (+1100), csum 0xb0eb5b7b
  Inode table at 1116-1627 (+1116)
  23454 free blocks, 8181 free inodes, 2 directories, 8181 unused inodes
  Free blocks: 9314-32767
  Free inodes: 12-8192
Group 1: (Blocks 32768-65535) csum 0x299a [INODE_UNINIT, BLOCK_UNINIT]
  Backup superblock at 32768, Group descriptors at 32769-32827
  Reserved GDT blocks at 32828-33851
  Block bitmap at 1085 (bg #0 + 1085), csum 0x00000000
  Inode bitmap at 1101 (bg #0 + 1101), csum 0x00000000
  Inode table at 1628-2139 (bg #0 + 1628)
  31684 free blocks, 8192 free inodes, 0 directories, 8192 unused inodes
  Free blocks: 33852-65535
  Free inodes: 8193-16384
Group 2: (Blocks 65536-98303) csum 0xec5d [INODE_UNINIT, BLOCK_UNINIT]
  Block bitmap at 1086 (bg #0 + 1086), csum 0x00000000
  Inode bitmap at 1102 (bg #0 + 1102), csum 0x00000000
  Inode table at 2140-2651 (bg #0 + 2140)
  32768 free blocks, 8192 free inodes, 0 directories, 8192 unused inodes
  Free blocks: 65536-98303
  Free inodes: 16385-24576
Group 3: (Blocks 98304-131071) csum 0x4bfb [INODE_UNINIT, BLOCK_UNINIT]
  Backup superblock at 98304, Group descriptors at 98305-98363
  Reserved GDT blocks at 98364-99387
  Block bitmap at 1087 (bg #0 + 1087), csum 0x00000000
  Inode bitmap at 1103 (bg #0 + 1103), csum 0x00000000
  Inode table at 2652-3163 (bg #0 + 2652)
  31684 free blocks, 8192 free inodes, 0 directories, 8192 unused inodes
  Free blocks: 99388-131071
  Free inodes: 24577-32768
Group 4: (Blocks 131072-163839) csum 0x20e9 [INODE_UNINIT, BLOCK_UNINIT]
  Block bitmap at 1088 (bg #0 + 1088), csum 0x00000000
  Inode bitmap at 1104 (bg #0 + 1104), csum 0x00000000
  Inode table at 3164-3675 (bg #0 + 3164)
  32768 free blocks, 8192 free inodes, 0 directories, 8192 unused inodes
  Free blocks: 131072-163839
  Free inodes: 32769-40960
Group 5: (Blocks 163840-196607) csum 0x874f [INODE_UNINIT, BLOCK_UNINIT]
  Backup superblock at 163840, Group descriptors at 163841-163899
  Reserved GDT blocks at 163900-164923
  Block bitmap at 1089 (bg #0 + 1089), csum 0x00000000
  Inode bitmap at 1105 (bg #0 + 1105), csum 0x00000000
  Inode table at 3676-4187 (bg #0 + 3676)
  31684 free blocks, 8192 free inodes, 0 directories, 8192 unused inodes
  Free blocks: 164924-196607
  Free inodes: 40961-49152
Group 6: (Blocks 196608-229375) csum 0x65f5 [INODE_UNINIT, BLOCK_UNINIT]
  Block bitmap at 1090 (bg #0 + 1090), csum 0x00000000
  Inode bitmap at 1106 (bg #0 + 1106), csum 0x00000000
  Inode table at 4188-4699 (bg #0 + 4188)
  32768 free blocks, 8192 free inodes, 0 directories, 8192 unused inodes
  Free blocks: 196608-229375
  Free inodes: 49153-57344
Group 7: (Blocks 229376-262143) csum 0xc253 [INODE_UNINIT, BLOCK_UNINIT]
  Backup superblock at 229376, Group descriptors at 229377-229435
  Reserved GDT blocks at 229436-230459
  Block bitmap at 1091 (bg #0 + 1091), csum 0x00000000
  Inode bitmap at 1107 (bg #0 + 1107), csum 0x00000000
  Inode table at 4700-5211 (bg #0 + 4700)
  31684 free blocks, 8192 free inodes, 0 directories, 8192 unused inodes
  Free blocks: 230460-262143
  Free inodes: 57345-65536
Group 8: (Blocks 262144-294911) csum 0xb302 [INODE_UNINIT, BLOCK_UNINIT]
  Block bitmap at 1092 (bg #0 + 1092), csum 0x00000000
  Inode bitmap at 1108 (bg #0 + 1108), csum 0x00000000
  Inode table at 5212-5723 (bg #0 + 5212)
  32768 free blocks, 8192 free inodes, 0 directories, 8192 unused inodes
  Free blocks: 262144-294911
  Free inodes: 65537-73728
Group 9: (Blocks 294912-327679) csum 0x14a4 [INODE_UNINIT, BLOCK_UNINIT]
  Backup superblock at 294912, Group descriptors at 294913-294971
  Reserved GDT blocks at 294972-295995
  Block bitmap at 1093 (bg #0 + 1093), csum 0x00000000
  Inode bitmap at 1109 (bg #0 + 1109), csum 0x00000000
  Inode table at 5724-6235 (bg #0 + 5724)
  31684 free blocks, 8192 free inodes, 0 directories, 8192 unused inodes
  Free blocks: 295996-327679
  Free inodes: 73729-81920
Group 10: (Blocks 327680-360447) csum 0xd163 [INODE_UNINIT, BLOCK_UNINIT]
  Block bitmap at 1094 (bg #0 + 1094), csum 0x00000000
  Inode bitmap at 1110 (bg #0 + 1110), csum 0x00000000
  Inode table at 6236-6747 (bg #0 + 6236)
  32768 free blocks, 8192 free inodes, 0 directories, 8192 unused inodes
  Free blocks: 327680-360447
  Free inodes: 81921-90112
Group 11: (Blocks 360448-393215) csum 0xcf48 [INODE_UNINIT, BLOCK_UNINIT]
  Block bitmap at 1095 (bg #0 + 1095), csum 0x00000000
  Inode bitmap at 1111 (bg #0 + 1111), csum 0x00000000
  Inode table at 6748-7259 (bg #0 + 6748)
  32768 free blocks, 8192 free inodes, 0 directories, 8192 unused inodes
  Free blocks: 360448-393215
  Free inodes: 90113-98304
Group 12: (Blocks 393216-425983) csum 0x7c84 [INODE_UNINIT, BLOCK_UNINIT]
  Block bitmap at 1096 (bg #0 + 1096), csum 0x00000000
  Inode bitmap at 1112 (bg #0 + 1112), csum 0x00000000
  Inode table at 7260-7771 (bg #0 + 7260)
  32768 free blocks, 8192 free inodes, 0 directories, 8192 unused inodes
  Free blocks: 393216-425983
  Free inodes: 98305-106496
Group 13: (Blocks 425984-458751) csum 0x62af [INODE_UNINIT, BLOCK_UNINIT]
  Block bitmap at 1097 (bg #0 + 1097), csum 0x00000000
  Inode bitmap at 1113 (bg #0 + 1113), csum 0x00000000
  Inode table at 7772-8283 (bg #0 + 7772)
  32768 free blocks, 8192 free inodes, 0 directories, 8192 unused inodes
  Free blocks: 425984-458751
  Free inodes: 106497-114688
Group 14: (Blocks 458752-491519) csum 0x0193 [INODE_UNINIT, BLOCK_UNINIT]
  Block bitmap at 1098 (bg #0 + 1098), csum 0x00000000
  Inode bitmap at 1114 (bg #0 + 1114), csum 0x00000000
  Inode table at 8284-8795 (bg #0 + 8284)
  32768 free blocks, 8192 free inodes, 0 directories, 8192 unused inodes
  Free blocks: 458752-491519
  Free inodes: 114689-122880
Group 15: (Blocks 491520-524287) csum 0x1fb8 [INODE_UNINIT, BLOCK_UNINIT]
  Block bitmap at 1099 (bg #0 + 1099), csum 0x00000000
  Inode bitmap at 1115 (bg #0 + 1115), csum 0x00000000
  Inode table at 8796-9307 (bg #0 + 8796)
  32768 free blocks, 8192 free inodes, 0 directories, 8192 unused inodes
  Free blocks: 491520-524287
  Free inodes: 122881-131072
Group 16: (Blocks 524288-557055) csum 0x60d3 [INODE_UNINIT]
  Block bitmap at 524288 (+0), csum 0xcf475b8e
  Inode bitmap at 524304 (+16), csum 0x00000000
  Inode table at 524320-524831 (+32)
  24544 free blocks, 8192 free inodes, 0 directories, 8192 unused inodes
  Free blocks: 532512-557055
  Free inodes: 131073-139264
Group 17: (Blocks 557056-589823) csum 0x0a4a [INODE_UNINIT, BLOCK_UNINIT]
  Block bitmap at 524289 (bg #16 + 1), csum 0x00000000
  Inode bitmap at 524305 (bg #16 + 17), csum 0x00000000
  Inode table at 524832-525343 (bg #16 + 544)
  32768 free blocks, 8192 free inodes, 0 directories, 8192 unused inodes
  Free blocks: 557056-589823
  Free inodes: 139265-147456
Group 18: (Blocks 589824-622591) csum 0x5ec6 [INODE_UNINIT, BLOCK_UNINIT]
  Block bitmap at 524290 (bg #16 + 2), csum 0x00000000
  Inode bitmap at 524306 (bg #16 + 18), csum 0x00000000
  Inode table at 525344-525855 (bg #16 + 1056)
  32768 free blocks, 8192 free inodes, 0 directories, 8192 unused inodes
  Free blocks: 589824-622591
  Free inodes: 147457-155648
Group 19: (Blocks 622592-655359) csum 0x40ed [INODE_UNINIT, BLOCK_UNINIT]
  Block bitmap at 524291 (bg #16 + 3), csum 0x00000000
  Inode bitmap at 524307 (bg #16 + 19), csum 0x00000000
  Inode table at 525856-526367 (bg #16 + 1568)
  32768 free blocks, 8192 free inodes, 0 directories, 8192 unused inodes
  Free blocks: 622592-655359
  Free inodes: 155649-163840
Group 20: (Blocks 655360-688127) csum 0x812f [INODE_UNINIT, BLOCK_UNINIT]
  Block bitmap at 524292 (bg #16 + 4), csum 0x00000000
  Inode bitmap at 524308 (bg #16 + 20), csum 0x00000000
  Inode table at 526368-526879 (bg #16 + 2080)
  32768 free blocks, 8192 free inodes, 0 directories, 8192 unused inodes
  Free blocks: 655360-688127
  Free inodes: 163841-172032
Group 21: (Blocks 688128-720895) csum 0x9f04 [INODE_UNINIT, BLOCK_UNINIT]
  Block bitmap at 524293 (bg #16 + 5), csum 0x00000000
  Inode bitmap at 524309 (bg #16 + 21), csum 0x00000000
  Inode table at 526880-527391 (bg #16 + 2592)
  32768 free blocks, 8192 free inodes, 0 directories, 8192 unused inodes
  Free blocks: 688128-720895
  Free inodes: 172033-180224
Group 22: (Blocks 720896-753663) csum 0xcb88 [INODE_UNINIT, BLOCK_UNINIT]
  Block bitmap at 524294 (bg #16 + 6), csum 0x00000000
  Inode bitmap at 524310 (bg #16 + 22), csum 0x00000000
  Inode table at 527392-527903 (bg #16 + 3104)
  32768 free blocks, 8192 free inodes, 0 directories, 8192 unused inodes
  Free blocks: 720896-753663
  Free inodes: 180225-188416
Group 23: (Blocks 753664-786431) csum 0xd5a3 [INODE_UNINIT, BLOCK_UNINIT]
  Block bitmap at 524295 (bg #16 + 7), csum 0x00000000
  Inode bitmap at 524311 (bg #16 + 23), csum 0x00000000
  Inode table at 527904-528415 (bg #16 + 3616)
  32768 free blocks, 8192 free inodes, 0 directories, 8192 unused inodes
  Free blocks: 753664-786431
  Free inodes: 188417-196608
Group 24: (Blocks 786432-819199) csum 0x480c [INODE_UNINIT, BLOCK_UNINIT]
  Block bitmap at 524296 (bg #16 + 8), csum 0x00000000
  Inode bitmap at 524312 (bg #16 + 24), csum 0x00000000
  Inode table at 528416-528927 (bg #16 + 4128)
  32768 free blocks, 8192 free inodes, 0 directories, 8192 unused inodes
  Free blocks: 786432-819199
  Free inodes: 196609-204800
Group 25: (Blocks 819200-851967) csum 0xefaa [INODE_UNINIT, BLOCK_UNINIT]
  Backup superblock at 819200, Group descriptors at 819201-819259
  Reserved GDT blocks at 819260-820283
  Block bitmap at 524297 (bg #16 + 9), csum 0x00000000
  Inode bitmap at 524313 (bg #16 + 25), csum 0x00000000
  Inode table at 528928-529439 (bg #16 + 4640)
  31684 free blocks, 8192 free inodes, 0 directories, 8192 unused inodes
  Free blocks: 820284-851967
  Free inodes: 204801-212992
Group 26: (Blocks 851968-884735) csum 0x02ab [INODE_UNINIT, BLOCK_UNINIT]
  Block bitmap at 524298 (bg #16 + 10), csum 0x00000000
  Inode bitmap at 524314 (bg #16 + 26), csum 0x00000000
  Inode table at 529440-529951 (bg #16 + 5152)
  32768 free blocks, 8192 free inodes, 0 directories, 8192 unused inodes
  Free blocks: 851968-884735
  Free inodes: 212993-221184
Group 27: (Blocks 884736-917503) csum 0xa50d [INODE_UNINIT, BLOCK_UNINIT]
  Backup superblock at 884736, Group descriptors at 884737-884795
  Reserved GDT blocks at 884796-885819
  Block bitmap at 524299 (bg #16 + 11), csum 0x00000000
  Inode bitmap at 524315 (bg #16 + 27), csum 0x00000000
  Inode table at 529952-530463 (bg #16 + 5664)
  31684 free blocks, 8192 free inodes, 0 directories, 8192 unused inodes
  Free blocks: 885820-917503
  Free inodes: 221185-229376
Group 28: (Blocks 917504-950271) csum 0xdd42 [INODE_UNINIT, BLOCK_UNINIT]
  Block bitmap at 524300 (bg #16 + 12), csum 0x00000000
  Inode bitmap at 524316 (bg #16 + 28), csum 0x00000000
  Inode table at 530464-530975 (bg #16 + 6176)
  32768 free blocks, 8192 free inodes, 0 directories, 8192 unused inodes
  Free blocks: 917504-950271
  Free inodes: 229377-237568
Group 29: (Blocks 950272-983039) csum 0xc369 [INODE_UNINIT, BLOCK_UNINIT]
  Block bitmap at 524301 (bg #16 + 13), csum 0x00000000
  Inode bitmap at 524317 (bg #16 + 29), csum 0x00000000
  Inode table at 530976-531487 (bg #16 + 6688)
  32768 free blocks, 8192 free inodes, 0 directories, 8192 unused inodes
  Free blocks: 950272-983039
  Free inodes: 237569-245760
Group 30: (Blocks 983040-1015807) csum 0x97e5 [INODE_UNINIT, BLOCK_UNINIT]
  Block bitmap at 524302 (bg #16 + 14), csum 0x00000000
  Inode bitmap at 524318 (bg #16 + 30), csum 0x00000000
  Inode table at 531488-531999 (bg #16 + 7200)
  32768 free blocks, 8192 free inodes, 0 directories, 8192 unused inodes
  Free blocks: 983040-1015807
  Free inodes: 245761-253952
Group 31: (Blocks 1015808-1048575) csum 0x89ce [INODE_UNINIT, BLOCK_UNINIT]
  Block bitmap at 524303 (bg #16 + 15), csum 0x00000000
  Inode bitmap at 524319 (bg #16 + 31), csum 0x00000000
  Inode table at 532000-532511 (bg #16 + 7712)
  32768 free blocks, 8192 free inodes, 0 directories, 8192 unused inodes
  Free blocks: 1015808-1048575
  Free inodes: 253953-262144
Group 32: (Blocks 1048576-1081343) csum 0xe827 [INODE_UNINIT]
  Block bitmap at 1048576 (+0), csum 0xcf475b8e
  Inode bitmap at 1048592 (+16), csum 0x00000000
  Inode table at 1048608-1049119 (+32)
  24544 free blocks, 8192 free inodes, 0 directories, 8192 unused inodes
  Free blocks: 1056800-1081343
  Free inodes: 262145-270336
Group 33: (Blocks 1081344-1114111) csum 0x82be [INODE_UNINIT, BLOCK_UNINIT]
  Block bitmap at 1048577 (bg #32 + 1), csum 0x00000000
  Inode bitmap at 1048593 (bg #32 + 17), csum 0x00000000
  Inode table at 1049120-1049631 (bg #32 + 544)
  32768 free blocks, 8192 free inodes, 0 directories, 8192 unused inodes
  Free blocks: 1081344-1114111
  Free inodes: 270337-278528
Group 34: (Blocks 1114112-1146879) csum 0xd632 [INODE_UNINIT, BLOCK_UNINIT]
  Block bitmap at 1048578 (bg #32 + 2), csum 0x00000000
  Inode bitmap at 1048594 (bg #32 + 18), csum 0x00000000
  Inode table at 1049632-1050143 (bg #32 + 1056)
  32768 free blocks, 8192 free inodes, 0 directories, 8192 unused inodes
  Free blocks: 1114112-1146879
  Free inodes: 278529-286720
Group 35: (Blocks 1146880-1179647) csum 0xc819 [INODE_UNINIT, BLOCK_UNINIT]
  Block bitmap at 1048579 (bg #32 + 3), csum 0x00000000
  Inode bitmap at 1048595 (bg #32 + 19), csum 0x00000000
  Inode table at 1050144-1050655 (bg #32 + 1568)
  32768 free blocks, 8192 free inodes, 0 directories, 8192 unused inodes
  Free blocks: 1146880-1179647
  Free inodes: 286721-294912
Group 36: (Blocks 1179648-1212415) csum 0x09db [INODE_UNINIT, BLOCK_UNINIT]
  Block bitmap at 1048580 (bg #32 + 4), csum 0x00000000
  Inode bitmap at 1048596 (bg #32 + 20), csum 0x00000000
  Inode table at 1050656-1051167 (bg #32 + 2080)
  32768 free blocks, 8192 free inodes, 0 directories, 8192 unused inodes
  Free blocks: 1179648-1212415
  Free inodes: 294913-303104
Group 37: (Blocks 1212416-1245183) csum 0x17f0 [INODE_UNINIT, BLOCK_UNINIT]
  Block bitmap at 1048581 (bg #32 + 5), csum 0x00000000
  Inode bitmap at 1048597 (bg #32 + 21), csum 0x00000000
  Inode table at 1051168-1051679 (bg #32 + 2592)
  32768 free blocks, 8192 free inodes, 0 directories, 8192 unused inodes
  Free blocks: 1212416-1245183
  Free inodes: 303105-311296
Group 38: (Blocks 1245184-1277951) csum 0x437c [INODE_UNINIT, BLOCK_UNINIT]
  Block bitmap at 1048582 (bg #32 + 6), csum 0x00000000
  Inode bitmap at 1048598 (bg #32 + 22), csum 0x00000000
  Inode table at 1051680-1052191 (bg #32 + 3104)
  32768 free blocks, 8192 free inodes, 0 directories, 8192 unused inodes
  Free blocks: 1245184-1277951
  Free inodes: 311297-319488
Group 39: (Blocks 1277952-1310719) csum 0x5d57 [INODE_UNINIT, BLOCK_UNINIT]
  Block bitmap at 1048583 (bg #32 + 7), csum 0x00000000
  Inode bitmap at 1048599 (bg #32 + 23), csum 0x00000000
  Inode table at 1052192-1052703 (bg #32 + 3616)
  32768 free blocks, 8192 free inodes, 0 directories, 8192 unused inodes
  Free blocks: 1277952-1310719
  Free inodes: 319489-327680
Group 40: (Blocks 1310720-1343487) csum 0xc0f8 [INODE_UNINIT, BLOCK_UNINIT]
  Block bitmap at 1048584 (bg #32 + 8), csum 0x00000000
  Inode bitmap at 1048600 (bg #32 + 24), csum 0x00000000
  Inode table at 1052704-1053215 (bg #32 + 4128)
  32768 free blocks, 8192 free inodes, 0 directories, 8192 unused inodes
  Free blocks: 1310720-1343487
  Free inodes: 327681-335872
Group 41: (Blocks 1343488-1376255) csum 0xded3 [INODE_UNINIT, BLOCK_UNINIT]
  Block bitmap at 1048585 (bg #32 + 9), csum 0x00000000
  Inode bitmap at 1048601 (bg #32 + 25), csum 0x00000000
  Inode table at 1053216-1053727 (bg #32 + 4640)
  32768 free blocks, 8192 free inodes, 0 directories, 8192 unused inodes
  Free blocks: 1343488-1376255
  Free inodes: 335873-344064
Group 42: (Blocks 1376256-1409023) csum 0x8a5f [INODE_UNINIT, BLOCK_UNINIT]
  Block bitmap at 1048586 (bg #32 + 10), csum 0x00000000
  Inode bitmap at 1048602 (bg #32 + 26), csum 0x00000000
  Inode table at 1053728-1054239 (bg #32 + 5152)
  32768 free blocks, 8192 free inodes, 0 directories, 8192 unused inodes
  Free blocks: 1376256-1409023
  Free inodes: 344065-352256
Group 43: (Blocks 1409024-1441791) csum 0x9474 [INODE_UNINIT, BLOCK_UNINIT]
  Block bitmap at 1048587 (bg #32 + 11), csum 0x00000000
  Inode bitmap at 1048603 (bg #32 + 27), csum 0x00000000
  Inode table at 1054240-1054751 (bg #32 + 5664)
  32768 free blocks, 8192 free inodes, 0 directories, 8192 unused inodes
  Free blocks: 1409024-1441791
  Free inodes: 352257-360448
Group 44: (Blocks 1441792-1474559) csum 0x55b6 [INODE_UNINIT, BLOCK_UNINIT]
  Block bitmap at 1048588 (bg #32 + 12), csum 0x00000000
  Inode bitmap at 1048604 (bg #32 + 28), csum 0x00000000
  Inode table at 1054752-1055263 (bg #32 + 6176)
  32768 free blocks, 8192 free inodes, 0 directories, 8192 unused inodes
  Free blocks: 1441792-1474559
  Free inodes: 360449-368640
Group 45: (Blocks 1474560-1507327) csum 0x4b9d [INODE_UNINIT, BLOCK_UNINIT]
  Block bitmap at 1048589 (bg #32 + 13), csum 0x00000000
  Inode bitmap at 1048605 (bg #32 + 29), csum 0x00000000
  Inode table at 1055264-1055775 (bg #32 + 6688)
  32768 free blocks, 8192 free inodes, 0 directories, 8192 unused inodes
  Free blocks: 1474560-1507327
  Free inodes: 368641-376832
Group 46: (Blocks 1507328-1540095) csum 0x1f11 [INODE_UNINIT, BLOCK_UNINIT]
  Block bitmap at 1048590 (bg #32 + 14), csum 0x00000000
  Inode bitmap at 1048606 (bg #32 + 30), csum 0x00000000
  Inode table at 1055776-1056287 (bg #32 + 7200)
  32768 free blocks, 8192 free inodes, 0 directories, 8192 unused inodes
  Free blocks: 1507328-1540095
  Free inodes: 376833-385024
Group 47: (Blocks 1540096-1572863) csum 0x013a [INODE_UNINIT, BLOCK_UNINIT]
  Block bitmap at 1048591 (bg #32 + 15), csum 0x00000000
  Inode bitmap at 1048607 (bg #32 + 31), csum 0x00000000
  Inode table at 1056288-1056799 (bg #32 + 7712)
  32768 free blocks, 8192 free inodes, 0 directories, 8192 unused inodes
  Free blocks: 1540096-1572863
  Free inodes: 385025-393216
Group 48: (Blocks 1572864-1605631) csum 0x6f8b [INODE_UNINIT]
  Block bitmap at 1572864 (+0), csum 0xcf475b8e
  Inode bitmap at 1572880 (+16), csum 0x00000000
  Inode table at 1572896-1573407 (+32)
  24544 free blocks, 8192 free inodes, 0 directories, 8192 unused inodes
  Free blocks: 1581088-1605631
  Free inodes: 393217-401408
Group 49: (Blocks 1605632-1638399) csum 0xbc9f [INODE_UNINIT, BLOCK_UNINIT]
  Backup superblock at 1605632, Group descriptors at 1605633-1605691
  Reserved GDT blocks at 1605692-1606715
  Block bitmap at 1572865 (bg #48 + 1), csum 0x00000000
  Inode bitmap at 1572881 (bg #48 + 17), csum 0x00000000
  Inode table at 1573408-1573919 (bg #48 + 544)
  31684 free blocks, 8192 free inodes, 0 directories, 8192 unused inodes
  Free blocks: 1606716-1638399
  Free inodes: 401409-409600
Group 50: (Blocks 1638400-1671167) csum 0x519e [INODE_UNINIT, BLOCK_UNINIT]
  Block bitmap at 1572866 (bg #48 + 2), csum 0x00000000
  Inode bitmap at 1572882 (bg #48 + 18), csum 0x00000000
  Inode table at 1573920-1574431 (bg #48 + 1056)
  32768 free blocks, 8192 free inodes, 0 directories, 8192 unused inodes
  Free blocks: 1638400-1671167
  Free inodes: 409601-417792
Group 51: (Blocks 1671168-1703935) csum 0x4fb5 [INODE_UNINIT, BLOCK_UNINIT]
  Block bitmap at 1572867 (bg #48 + 3), csum 0x00000000
  Inode bitmap at 1572883 (bg #48 + 19), csum 0x00000000
  Inode table at 1574432-1574943 (bg #48 + 1568)
  32768 free blocks, 8192 free inodes, 0 directories, 8192 unused inodes
  Free blocks: 1671168-1703935
  Free inodes: 417793-425984
Group 52: (Blocks 1703936-1736703) csum 0x8e77 [INODE_UNINIT, BLOCK_UNINIT]
  Block bitmap at 1572868 (bg #48 + 4), csum 0x00000000
  Inode bitmap at 1572884 (bg #48 + 20), csum 0x00000000
  Inode table at 1574944-1575455 (bg #48 + 2080)
  32768 free blocks, 8192 free inodes, 0 directories, 8192 unused inodes
  Free blocks: 1703936-1736703
  Free inodes: 425985-434176
Group 53: (Blocks 1736704-1769471) csum 0x905c [INODE_UNINIT, BLOCK_UNINIT]
  Block bitmap at 1572869 (bg #48 + 5), csum 0x00000000
  Inode bitmap at 1572885 (bg #48 + 21), csum 0x00000000
  Inode table at 1575456-1575967 (bg #48 + 2592)
  32768 free blocks, 8192 free inodes, 0 directories, 8192 unused inodes
  Free blocks: 1736704-1769471
  Free inodes: 434177-442368
Group 54: (Blocks 1769472-1802239) csum 0xc4d0 [INODE_UNINIT, BLOCK_UNINIT]
  Block bitmap at 1572870 (bg #48 + 6), csum 0x00000000
  Inode bitmap at 1572886 (bg #48 + 22), csum 0x00000000
  Inode table at 1575968-1576479 (bg #48 + 3104)
  32768 free blocks, 8192 free inodes, 0 directories, 8192 unused inodes
  Free blocks: 1769472-1802239
  Free inodes: 442369-450560
Group 55: (Blocks 1802240-1835007) csum 0xdafb [INODE_UNINIT, BLOCK_UNINIT]
  Block bitmap at 1572871 (bg #48 + 7), csum 0x00000000
  Inode bitmap at 1572887 (bg #48 + 23), csum 0x00000000
  Inode table at 1576480-1576991 (bg #48 + 3616)
  32768 free blocks, 8192 free inodes, 0 directories, 8192 unused inodes
  Free blocks: 1802240-1835007
  Free inodes: 450561-458752
Group 56: (Blocks 1835008-1867775) csum 0x4754 [INODE_UNINIT, BLOCK_UNINIT]
  Block bitmap at 1572872 (bg #48 + 8), csum 0x00000000
  Inode bitmap at 1572888 (bg #48 + 24), csum 0x00000000
  Inode table at 1576992-1577503 (bg #48 + 4128)
  32768 free blocks, 8192 free inodes, 0 directories, 8192 unused inodes
  Free blocks: 1835008-1867775
  Free inodes: 458753-466944
Group 57: (Blocks 1867776-1900543) csum 0x597f [INODE_UNINIT, BLOCK_UNINIT]
  Block bitmap at 1572873 (bg #48 + 9), csum 0x00000000
  Inode bitmap at 1572889 (bg #48 + 25), csum 0x00000000
  Inode table at 1577504-1578015 (bg #48 + 4640)
  32768 free blocks, 8192 free inodes, 0 directories, 8192 unused inodes
  Free blocks: 1867776-1900543
  Free inodes: 466945-475136
Group 58: (Blocks 1900544-1933311) csum 0x0df3 [INODE_UNINIT, BLOCK_UNINIT]
  Block bitmap at 1572874 (bg #48 + 10), csum 0x00000000
  Inode bitmap at 1572890 (bg #48 + 26), csum 0x00000000
  Inode table at 1578016-1578527 (bg #48 + 5152)
  32768 free blocks, 8192 free inodes, 0 directories, 8192 unused inodes
  Free blocks: 1900544-1933311
  Free inodes: 475137-483328
Group 59: (Blocks 1933312-1966079) csum 0x13d8 [INODE_UNINIT, BLOCK_UNINIT]
  Block bitmap at 1572875 (bg #48 + 11), csum 0x00000000
  Inode bitmap at 1572891 (bg #48 + 27), csum 0x00000000
  Inode table at 1578528-1579039 (bg #48 + 5664)
  32768 free blocks, 8192 free inodes, 0 directories, 8192 unused inodes
  Free blocks: 1933312-1966079
  Free inodes: 483329-491520
Group 60: (Blocks 1966080-1998847) csum 0xd21a [INODE_UNINIT, BLOCK_UNINIT]
  Block bitmap at 1572876 (bg #48 + 12), csum 0x00000000
  Inode bitmap at 1572892 (bg #48 + 28), csum 0x00000000
  Inode table at 1579040-1579551 (bg #48 + 6176)
  32768 free blocks, 8192 free inodes, 0 directories, 8192 unused inodes
  Free blocks: 1966080-1998847
  Free inodes: 491521-499712
Group 61: (Blocks 1998848-2031615) csum 0xcc31 [INODE_UNINIT, BLOCK_UNINIT]
  Block bitmap at 1572877 (bg #48 + 13), csum 0x00000000
  Inode bitmap at 1572893 (bg #48 + 29), csum 0x00000000
  Inode table at 1579552-1580063 (bg #48 + 6688)
  32768 free blocks, 8192 free inodes, 0 directories, 8192 unused inodes
  Free blocks: 1998848-2031615
  Free inodes: 499713-507904
Group 62: (Blocks 2031616-2064383) csum 0x98bd [INODE_UNINIT, BLOCK_UNINIT]
  Block bitmap at 1572878 (bg #48 + 14), csum 0x00000000
  Inode bitmap at 1572894 (bg #48 + 30), csum 0x00000000
  Inode table at 1580064-1580575 (bg #48 + 7200)
  32768 free blocks, 8192 free inodes, 0 directories, 8192 unused inodes
  Free blocks: 2031616-2064383
  Free inodes: 507905-516096
Group 63: (Blocks 2064384-2097151) csum 0x8696 [INODE_UNINIT, BLOCK_UNINIT]
  Block bitmap at 1572879 (bg #48 + 15), csum 0x00000000
  Inode bitmap at 1572895 (bg #48 + 31), csum 0x00000000
  Inode table at 1580576-1581087 (bg #48 + 7712)
  32768 free blocks, 8192 free inodes, 0 directories, 8192 unused inodes
  Free blocks: 2064384-2097151
  Free inodes: 516097-524288
Group 64: (Blocks 2097152-2129919) csum 0x8f3e [INODE_UNINIT]
  Block bitmap at 2097152 (+0), csum 0xcf475b8e
  Inode bitmap at 2097168 (+16), csum 0x00000000
  Inode table at 2097184-2097695 (+32)
  24544 free blocks, 8192 free inodes, 0 directories, 8192 unused inodes
  Free blocks: 2105376-2129919
  Free inodes: 524289-532480
Group 65: (Blocks 2129920-2162687) csum 0xe5a7 [INODE_UNINIT, BLOCK_UNINIT]
  Block bitmap at 2097153 (bg #64 + 1), csum 0x00000000
  Inode bitmap at 2097169 (bg #64 + 17), csum 0x00000000
  Inode table at 2097696-2098207 (bg #64 + 544)
  32768 free blocks, 8192 free inodes, 0 directories, 8192 unused inodes
  Free blocks: 2129920-2162687
  Free inodes: 532481-540672
Group 66: (Blocks 2162688-2195455) csum 0xb12b [INODE_UNINIT, BLOCK_UNINIT]
  Block bitmap at 2097154 (bg #64 + 2), csum 0x00000000
  Inode bitmap at 2097170 (bg #64 + 18), csum 0x00000000
  Inode table at 2098208-2098719 (bg #64 + 1056)
  32768 free blocks, 8192 free inodes, 0 directories, 8192 unused inodes
  Free blocks: 2162688-2195455
  Free inodes: 540673-548864
Group 67: (Blocks 2195456-2228223) csum 0xaf00 [INODE_UNINIT, BLOCK_UNINIT]
  Block bitmap at 2097155 (bg #64 + 3), csum 0x00000000
  Inode bitmap at 2097171 (bg #64 + 19), csum 0x00000000
  Inode table at 2098720-2099231 (bg #64 + 1568)
  32768 free blocks, 8192 free inodes, 0 directories, 8192 unused inodes
  Free blocks: 2195456-2228223
  Free inodes: 548865-557056
Group 68: (Blocks 2228224-2260991) csum 0x6ec2 [INODE_UNINIT, BLOCK_UNINIT]
  Block bitmap at 2097156 (bg #64 + 4), csum 0x00000000
  Inode bitmap at 2097172 (bg #64 + 20), csum 0x00000000
  Inode table at 2099232-2099743 (bg #64 + 2080)
  32768 free blocks, 8192 free inodes, 0 directories, 8192 unused inodes
  Free blocks: 2228224-2260991
  Free inodes: 557057-565248
Group 69: (Blocks 2260992-2293759) csum 0x70e9 [INODE_UNINIT, BLOCK_UNINIT]
  Block bitmap at 2097157 (bg #64 + 5), csum 0x00000000
  Inode bitmap at 2097173 (bg #64 + 21), csum 0x00000000
  Inode table at 2099744-2100255 (bg #64 + 2592)
  32768 free blocks, 8192 free inodes, 0 directories, 8192 unused inodes
  Free blocks: 2260992-2293759
  Free inodes: 565249-573440
Group 70: (Blocks 2293760-2326527) csum 0x2465 [INODE_UNINIT, BLOCK_UNINIT]
  Block bitmap at 2097158 (bg #64 + 6), csum 0x00000000
  Inode bitmap at 2097174 (bg #64 + 22), csum 0x00000000
  Inode table at 2100256-2100767 (bg #64 + 3104)
  32768 free blocks, 8192 free inodes, 0 directories, 8192 unused inodes
  Free blocks: 2293760-2326527
  Free inodes: 573441-581632
Group 71: (Blocks 2326528-2359295) csum 0x3a4e [INODE_UNINIT, BLOCK_UNINIT]
  Block bitmap at 2097159 (bg #64 + 7), csum 0x00000000
  Inode bitmap at 2097175 (bg #64 + 23), csum 0x00000000
  Inode table at 2100768-2101279 (bg #64 + 3616)
  32768 free blocks, 8192 free inodes, 0 directories, 8192 unused inodes
  Free blocks: 2326528-2359295
  Free inodes: 581633-589824
Group 72: (Blocks 2359296-2392063) csum 0xa7e1 [INODE_UNINIT, BLOCK_UNINIT]
  Block bitmap at 2097160 (bg #64 + 8), csum 0x00000000
  Inode bitmap at 2097176 (bg #64 + 24), csum 0x00000000
  Inode table at 2101280-2101791 (bg #64 + 4128)
  32768 free blocks, 8192 free inodes, 0 directories, 8192 unused inodes
  Free blocks: 2359296-2392063
  Free inodes: 589825-598016
Group 73: (Blocks 2392064-2424831) csum 0xb9ca [INODE_UNINIT, BLOCK_UNINIT]
  Block bitmap at 2097161 (bg #64 + 9), csum 0x00000000
  Inode bitmap at 2097177 (bg #64 + 25), csum 0x00000000
  Inode table at 2101792-2102303 (bg #64 + 4640)
  32768 free blocks, 8192 free inodes, 0 directories, 8192 unused inodes
  Free blocks: 2392064-2424831
  Free inodes: 598017-606208
Group 74: (Blocks 2424832-2457599) csum 0xed46 [INODE_UNINIT, BLOCK_UNINIT]
  Block bitmap at 2097162 (bg #64 + 10), csum 0x00000000
  Inode bitmap at 2097178 (bg #64 + 26), csum 0x00000000
  Inode table at 2102304-2102815 (bg #64 + 5152)
  32768 free blocks, 8192 free inodes, 0 directories, 8192 unused inodes
  Free blocks: 2424832-2457599
  Free inodes: 606209-614400
Group 75: (Blocks 2457600-2490367) csum 0xf36d [INODE_UNINIT, BLOCK_UNINIT]
  Block bitmap at 2097163 (bg #64 + 11), csum 0x00000000
  Inode bitmap at 2097179 (bg #64 + 27), csum 0x00000000
  Inode table at 2102816-2103327 (bg #64 + 5664)
  32768 free blocks, 8192 free inodes, 0 directories, 8192 unused inodes
  Free blocks: 2457600-2490367
  Free inodes: 614401-622592
Group 76: (Blocks 2490368-2523135) csum 0x32af [INODE_UNINIT, BLOCK_UNINIT]
  Block bitmap at 2097164 (bg #64 + 12), csum 0x00000000
  Inode bitmap at 2097180 (bg #64 + 28), csum 0x00000000
  Inode table at 2103328-2103839 (bg #64 + 6176)
  32768 free blocks, 8192 free inodes, 0 directories, 8192 unused inodes
  Free blocks: 2490368-2523135
  Free inodes: 622593-630784
Group 77: (Blocks 2523136-2555903) csum 0x2c84 [INODE_UNINIT, BLOCK_UNINIT]
  Block bitmap at 2097165 (bg #64 + 13), csum 0x00000000
  Inode bitmap at 2097181 (bg #64 + 29), csum 0x00000000
  Inode table at 2103840-2104351 (bg #64 + 6688)
  32768 free blocks, 8192 free inodes, 0 directories, 8192 unused inodes
  Free blocks: 2523136-2555903
  Free inodes: 630785-638976
Group 78: (Blocks 2555904-2588671) csum 0x7808 [INODE_UNINIT, BLOCK_UNINIT]
  Block bitmap at 2097166 (bg #64 + 14), csum 0x00000000
  Inode bitmap at 2097182 (bg #64 + 30), csum 0x00000000
  Inode table at 2104352-2104863 (bg #64 + 7200)
  32768 free blocks, 8192 free inodes, 0 directories, 8192 unused inodes
  Free blocks: 2555904-2588671
  Free inodes: 638977-647168
Group 79: (Blocks 2588672-2621439) csum 0x6623 [INODE_UNINIT, BLOCK_UNINIT]
  Block bitmap at 2097167 (bg #64 + 15), csum 0x00000000
  Inode bitmap at 2097183 (bg #64 + 31), csum 0x00000000
  Inode table at 2104864-2105375 (bg #64 + 7712)
  32768 free blocks, 8192 free inodes, 0 directories, 8192 unused inodes
  Free blocks: 2588672-2621439
  Free inodes: 647169-655360
Group 80: (Blocks 2621440-2654207) csum 0x0892 [INODE_UNINIT]
  Block bitmap at 2621440 (+0), csum 0xcf475b8e
  Inode bitmap at 2621456 (+16), csum 0x00000000
  Inode table at 2621472-2621983 (+32)
  24544 free blocks, 8192 free inodes, 0 directories, 8192 unused inodes
  Free blocks: 2629664-2654207
  Free inodes: 655361-663552
Group 81: (Blocks 2654208-2686975) csum 0xdb86 [INODE_UNINIT, BLOCK_UNINIT]
  Backup superblock at 2654208, Group descriptors at 2654209-2654267
  Reserved GDT blocks at 2654268-2655291
  Block bitmap at 2621441 (bg #80 + 1), csum 0x00000000
  Inode bitmap at 2621457 (bg #80 + 17), csum 0x00000000
  Inode table at 2621984-2622495 (bg #80 + 544)
  31684 free blocks, 8192 free inodes, 0 directories, 8192 unused inodes
  Free blocks: 2655292-2686975
  Free inodes: 663553-671744
Group 82: (Blocks 2686976-2719743) csum 0x3687 [INODE_UNINIT, BLOCK_UNINIT]
  Block bitmap at 2621442 (bg #80 + 2), csum 0x00000000
  Inode bitmap at 2621458 (bg #80 + 18), csum 0x00000000
  Inode table at 2622496-2623007 (bg #80 + 1056)
  32768 free blocks, 8192 free inodes, 0 directories, 8192 unused inodes
  Free blocks: 2686976-2719743
  Free inodes: 671745-679936
Group 83: (Blocks 2719744-2752511) csum 0x28ac [INODE_UNINIT, BLOCK_UNINIT]
  Block bitmap at 2621443 (bg #80 + 3), csum 0x00000000
  Inode bitmap at 2621459 (bg #80 + 19), csum 0x00000000
  Inode table at 2623008-2623519 (bg #80 + 1568)
  32768 free blocks, 8192 free inodes, 0 directories, 8192 unused inodes
  Free blocks: 2719744-2752511
  Free inodes: 679937-688128
Group 84: (Blocks 2752512-2785279) csum 0xe96e [INODE_UNINIT, BLOCK_UNINIT]
  Block bitmap at 2621444 (bg #80 + 4), csum 0x00000000
  Inode bitmap at 2621460 (bg #80 + 20), csum 0x00000000
  Inode table at 2623520-2624031 (bg #80 + 2080)
  32768 free blocks, 8192 free inodes, 0 directories, 8192 unused inodes
  Free blocks: 2752512-2785279
  Free inodes: 688129-696320
Group 85: (Blocks 2785280-2818047) csum 0xf745 [INODE_UNINIT, BLOCK_UNINIT]
  Block bitmap at 2621445 (bg #80 + 5), csum 0x00000000
  Inode bitmap at 2621461 (bg #80 + 21), csum 0x00000000
  Inode table at 2624032-2624543 (bg #80 + 2592)
  32768 free blocks, 8192 free inodes, 0 directories, 8192 unused inodes
  Free blocks: 2785280-2818047
  Free inodes: 696321-704512
Group 86: (Blocks 2818048-2850815) csum 0xa3c9 [INODE_UNINIT, BLOCK_UNINIT]
  Block bitmap at 2621446 (bg #80 + 6), csum 0x00000000
  Inode bitmap at 2621462 (bg #80 + 22), csum 0x00000000
  Inode table at 2624544-2625055 (bg #80 + 3104)
  32768 free blocks, 8192 free inodes, 0 directories, 8192 unused inodes
  Free blocks: 2818048-2850815
  Free inodes: 704513-712704
Group 87: (Blocks 2850816-2883583) csum 0xbde2 [INODE_UNINIT, BLOCK_UNINIT]
  Block bitmap at 2621447 (bg #80 + 7), csum 0x00000000
  Inode bitmap at 2621463 (bg #80 + 23), csum 0x00000000
  Inode table at 2625056-2625567 (bg #80 + 3616)
  32768 free blocks, 8192 free inodes, 0 directories, 8192 unused inodes
  Free blocks: 2850816-2883583
  Free inodes: 712705-720896
Group 88: (Blocks 2883584-2916351) csum 0x204d [INODE_UNINIT, BLOCK_UNINIT]
  Block bitmap at 2621448 (bg #80 + 8), csum 0x00000000
  Inode bitmap at 2621464 (bg #80 + 24), csum 0x00000000
  Inode table at 2625568-2626079 (bg #80 + 4128)
  32768 free blocks, 8192 free inodes, 0 directories, 8192 unused inodes
  Free blocks: 2883584-2916351
  Free inodes: 720897-729088
Group 89: (Blocks 2916352-2949119) csum 0x3e66 [INODE_UNINIT, BLOCK_UNINIT]
  Block bitmap at 2621449 (bg #80 + 9), csum 0x00000000
  Inode bitmap at 2621465 (bg #80 + 25), csum 0x00000000
  Inode table at 2626080-2626591 (bg #80 + 4640)
  32768 free blocks, 8192 free inodes, 0 directories, 8192 unused inodes
  Free blocks: 2916352-2949119
  Free inodes: 729089-737280
Group 90: (Blocks 2949120-2981887) csum 0x6aea [INODE_UNINIT, BLOCK_UNINIT]
  Block bitmap at 2621450 (bg #80 + 10), csum 0x00000000
  Inode bitmap at 2621466 (bg #80 + 26), csum 0x00000000
  Inode table at 2626592-2627103 (bg #80 + 5152)
  32768 free blocks, 8192 free inodes, 0 directories, 8192 unused inodes
  Free blocks: 2949120-2981887
  Free inodes: 737281-745472
Group 91: (Blocks 2981888-3014655) csum 0x74c1 [INODE_UNINIT, BLOCK_UNINIT]
  Block bitmap at 2621451 (bg #80 + 11), csum 0x00000000
  Inode bitmap at 2621467 (bg #80 + 27), csum 0x00000000
  Inode table at 2627104-2627615 (bg #80 + 5664)
  32768 free blocks, 8192 free inodes, 0 directories, 8192 unused inodes
  Free blocks: 2981888-3014655
  Free inodes: 745473-753664
Group 92: (Blocks 3014656-3047423) csum 0xb503 [INODE_UNINIT, BLOCK_UNINIT]
  Block bitmap at 2621452 (bg #80 + 12), csum 0x00000000
  Inode bitmap at 2621468 (bg #80 + 28), csum 0x00000000
  Inode table at 2627616-2628127 (bg #80 + 6176)
  32768 free blocks, 8192 free inodes, 0 directories, 8192 unused inodes
  Free blocks: 3014656-3047423
  Free inodes: 753665-761856
Group 93: (Blocks 3047424-3080191) csum 0xab28 [INODE_UNINIT, BLOCK_UNINIT]
  Block bitmap at 2621453 (bg #80 + 13), csum 0x00000000
  Inode bitmap at 2621469 (bg #80 + 29), csum 0x00000000
  Inode table at 2628128-2628639 (bg #80 + 6688)
  32768 free blocks, 8192 free inodes, 0 directories, 8192 unused inodes
  Free blocks: 3047424-3080191
  Free inodes: 761857-770048
Group 94: (Blocks 3080192-3112959) csum 0xffa4 [INODE_UNINIT, BLOCK_UNINIT]
  Block bitmap at 2621454 (bg #80 + 14), csum 0x00000000
  Inode bitmap at 2621470 (bg #80 + 30), csum 0x00000000
  Inode table at 2628640-2629151 (bg #80 + 7200)
  32768 free blocks, 8192 free inodes, 0 directories, 8192 unused inodes
  Free blocks: 3080192-3112959
  Free inodes: 770049-778240
Group 95: (Blocks 3112960-3145727) csum 0xe18f [INODE_UNINIT, BLOCK_UNINIT]
  Block bitmap at 2621455 (bg #80 + 15), csum 0x00000000
  Inode bitmap at 2621471 (bg #80 + 31), csum 0x00000000
  Inode table at 2629152-2629663 (bg #80 + 7712)
  32768 free blocks, 8192 free inodes, 0 directories, 8192 unused inodes
  Free blocks: 3112960-3145727
  Free inodes: 778241-786432
Group 96: (Blocks 3145728-3178495) csum 0x8066 [INODE_UNINIT]
  Block bitmap at 3145728 (+0), csum 0xcf475b8e
  Inode bitmap at 3145744 (+16), csum 0x00000000
  Inode table at 3145760-3146271 (+32)
  24544 free blocks, 8192 free inodes, 0 directories, 8192 unused inodes
  Free blocks: 3153952-3178495
  Free inodes: 786433-794624
Group 97: (Blocks 3178496-3211263) csum 0xeaff [INODE_UNINIT, BLOCK_UNINIT]
  Block bitmap at 3145729 (bg #96 + 1), csum 0x00000000
  Inode bitmap at 3145745 (bg #96 + 17), csum 0x00000000
  Inode table at 3146272-3146783 (bg #96 + 544)
  32768 free blocks, 8192 free inodes, 0 directories, 8192 unused inodes
  Free blocks: 3178496-3211263
  Free inodes: 794625-802816
Group 98: (Blocks 3211264-3244031) csum 0xbe73 [INODE_UNINIT, BLOCK_UNINIT]
  Block bitmap at 3145730 (bg #96 + 2), csum 0x00000000
  Inode bitmap at 3145746 (bg #96 + 18), csum 0x00000000
  Inode table at 3146784-3147295 (bg #96 + 1056)
  32768 free blocks, 8192 free inodes, 0 directories, 8192 unused inodes
  Free blocks: 3211264-3244031
  Free inodes: 802817-811008
Group 99: (Blocks 3244032-3276799) csum 0xa058 [INODE_UNINIT, BLOCK_UNINIT]
  Block bitmap at 3145731 (bg #96 + 3), csum 0x00000000
  Inode bitmap at 3145747 (bg #96 + 19), csum 0x00000000
  Inode table at 3147296-3147807 (bg #96 + 1568)
  32768 free blocks, 8192 free inodes, 0 directories, 8192 unused inodes
  Free blocks: 3244032-3276799
  Free inodes: 811009-819200
Group 100: (Blocks 3276800-3309567) csum 0x619a [INODE_UNINIT, BLOCK_UNINIT]
  Block bitmap at 3145732 (bg #96 + 4), csum 0x00000000
  Inode bitmap at 3145748 (bg #96 + 20), csum 0x00000000
  Inode table at 3147808-3148319 (bg #96 + 2080)
  32768 free blocks, 8192 free inodes, 0 directories, 8192 unused inodes
  Free blocks: 3276800-3309567
  Free inodes: 819201-827392
Group 101: (Blocks 3309568-3342335) csum 0x7fb1 [INODE_UNINIT, BLOCK_UNINIT]
  Block bitmap at 3145733 (bg #96 + 5), csum 0x00000000
  Inode bitmap at 3145749 (bg #96 + 21), csum 0x00000000
  Inode table at 3148320-3148831 (bg #96 + 2592)
  32768 free blocks, 8192 free inodes, 0 directories, 8192 unused inodes
  Free blocks: 3309568-3342335
  Free inodes: 827393-835584
Group 102: (Blocks 3342336-3375103) csum 0x2b3d [INODE_UNINIT, BLOCK_UNINIT]
  Block bitmap at 3145734 (bg #96 + 6), csum 0x00000000
  Inode bitmap at 3145750 (bg #96 + 22), csum 0x00000000
  Inode table at 3148832-3149343 (bg #96 + 3104)
  32768 free blocks, 8192 free inodes, 0 directories, 8192 unused inodes
  Free blocks: 3342336-3375103
  Free inodes: 835585-843776
Group 103: (Blocks 3375104-3407871) csum 0x3516 [INODE_UNINIT, BLOCK_UNINIT]
  Block bitmap at 3145735 (bg #96 + 7), csum 0x00000000
  Inode bitmap at 3145751 (bg #96 + 23), csum 0x00000000
  Inode table at 3149344-3149855 (bg #96 + 3616)
  32768 free blocks, 8192 free inodes, 0 directories, 8192 unused inodes
  Free blocks: 3375104-3407871
  Free inodes: 843777-851968
Group 104: (Blocks 3407872-3440639) csum 0xa8b9 [INODE_UNINIT, BLOCK_UNINIT]
  Block bitmap at 3145736 (bg #96 + 8), csum 0x00000000
  Inode bitmap at 3145752 (bg #96 + 24), csum 0x00000000
  Inode table at 3149856-3150367 (bg #96 + 4128)
  32768 free blocks, 8192 free inodes, 0 directories, 8192 unused inodes
  Free blocks: 3407872-3440639
  Free inodes: 851969-860160
Group 105: (Blocks 3440640-3473407) csum 0xb692 [INODE_UNINIT, BLOCK_UNINIT]
  Block bitmap at 3145737 (bg #96 + 9), csum 0x00000000
  Inode bitmap at 3145753 (bg #96 + 25), csum 0x00000000
  Inode table at 3150368-3150879 (bg #96 + 4640)
  32768 free blocks, 8192 free inodes, 0 directories, 8192 unused inodes
  Free blocks: 3440640-3473407
  Free inodes: 860161-868352
Group 106: (Blocks 3473408-3506175) csum 0xe21e [INODE_UNINIT, BLOCK_UNINIT]
  Block bitmap at 3145738 (bg #96 + 10), csum 0x00000000
  Inode bitmap at 3145754 (bg #96 + 26), csum 0x00000000
  Inode table at 3150880-3151391 (bg #96 + 5152)
  32768 free blocks, 8192 free inodes, 0 directories, 8192 unused inodes
  Free blocks: 3473408-3506175
  Free inodes: 868353-876544
Group 107: (Blocks 3506176-3538943) csum 0xfc35 [INODE_UNINIT, BLOCK_UNINIT]
  Block bitmap at 3145739 (bg #96 + 11), csum 0x00000000
  Inode bitmap at 3145755 (bg #96 + 27), csum 0x00000000
  Inode table at 3151392-3151903 (bg #96 + 5664)
  32768 free blocks, 8192 free inodes, 0 directories, 8192 unused inodes
  Free blocks: 3506176-3538943
  Free inodes: 876545-884736
Group 108: (Blocks 3538944-3571711) csum 0x3df7 [INODE_UNINIT, BLOCK_UNINIT]
  Block bitmap at 3145740 (bg #96 + 12), csum 0x00000000
  Inode bitmap at 3145756 (bg #96 + 28), csum 0x00000000
  Inode table at 3151904-3152415 (bg #96 + 6176)
  32768 free blocks, 8192 free inodes, 0 directories, 8192 unused inodes
  Free blocks: 3538944-3571711
  Free inodes: 884737-892928
Group 109: (Blocks 3571712-3604479) csum 0x23dc [INODE_UNINIT, BLOCK_UNINIT]
  Block bitmap at 3145741 (bg #96 + 13), csum 0x00000000
  Inode bitmap at 3145757 (bg #96 + 29), csum 0x00000000
  Inode table at 3152416-3152927 (bg #96 + 6688)
  32768 free blocks, 8192 free inodes, 0 directories, 8192 unused inodes
  Free blocks: 3571712-3604479
  Free inodes: 892929-901120
Group 110: (Blocks 3604480-3637247) csum 0x7750 [INODE_UNINIT, BLOCK_UNINIT]
  Block bitmap at 3145742 (bg #96 + 14), csum 0x00000000
  Inode bitmap at 3145758 (bg #96 + 30), csum 0x00000000
  Inode table at 3152928-3153439 (bg #96 + 7200)
  32768 free blocks, 8192 free inodes, 0 directories, 8192 unused inodes
  Free blocks: 3604480-3637247
  Free inodes: 901121-909312
Group 111: (Blocks 3637248-3670015) csum 0x697b [INODE_UNINIT, BLOCK_UNINIT]
  Block bitmap at 3145743 (bg #96 + 15), csum 0x00000000
  Inode bitmap at 3145759 (bg #96 + 31), csum 0x00000000
  Inode table at 3153440-3153951 (bg #96 + 7712)
  32768 free blocks, 8192 free inodes, 0 directories, 8192 unused inodes
  Free blocks: 3637248-3670015
  Free inodes: 909313-917504
Group 112: (Blocks 3670016-3702783) csum 0x07ca [INODE_UNINIT]
  Block bitmap at 3670016 (+0), csum 0xcf475b8e
  Inode bitmap at 3670032 (+16), csum 0x00000000
  Inode table at 3670048-3670559 (+32)
  24544 free blocks, 8192 free inodes, 0 directories, 8192 unused inodes
  Free blocks: 3678240-3702783
  Free inodes: 917505-925696
Group 113: (Blocks 3702784-3735551) csum 0x6d53 [INODE_UNINIT, BLOCK_UNINIT]
  Block bitmap at 3670017 (bg #112 + 1), csum 0x00000000
  Inode bitmap at 3670033 (bg #112 + 17), csum 0x00000000
  Inode table at 3670560-3671071 (bg #112 + 544)
  32768 free blocks, 8192 free inodes, 0 directories, 8192 unused inodes
  Free blocks: 3702784-3735551
  Free inodes: 925697-933888
Group 114: (Blocks 3735552-3768319) csum 0x39df [INODE_UNINIT, BLOCK_UNINIT]
  Block bitmap at 3670018 (bg #112 + 2), csum 0x00000000
  Inode bitmap at 3670034 (bg #112 + 18), csum 0x00000000
  Inode table at 3671072-3671583 (bg #112 + 1056)
  32768 free blocks, 8192 free inodes, 0 directories, 8192 unused inodes
  Free blocks: 3735552-3768319
  Free inodes: 933889-942080
Group 115: (Blocks 3768320-3801087) csum 0x27f4 [INODE_UNINIT, BLOCK_UNINIT]
  Block bitmap at 3670019 (bg #112 + 3), csum 0x00000000
  Inode bitmap at 3670035 (bg #112 + 19), csum 0x00000000
  Inode table at 3671584-3672095 (bg #112 + 1568)
  32768 free blocks, 8192 free inodes, 0 directories, 8192 unused inodes
  Free blocks: 3768320-3801087
  Free inodes: 942081-950272
Group 116: (Blocks 3801088-3833855) csum 0xe636 [INODE_UNINIT, BLOCK_UNINIT]
  Block bitmap at 3670020 (bg #112 + 4), csum 0x00000000
  Inode bitmap at 3670036 (bg #112 + 20), csum 0x00000000
  Inode table at 3672096-3672607 (bg #112 + 2080)
  32768 free blocks, 8192 free inodes, 0 directories, 8192 unused inodes
  Free blocks: 3801088-3833855
  Free inodes: 950273-958464
Group 117: (Blocks 3833856-3866623) csum 0xf81d [INODE_UNINIT, BLOCK_UNINIT]
  Block bitmap at 3670021 (bg #112 + 5), csum 0x00000000
  Inode bitmap at 3670037 (bg #112 + 21), csum 0x00000000
  Inode table at 3672608-3673119 (bg #112 + 2592)
  32768 free blocks, 8192 free inodes, 0 directories, 8192 unused inodes
  Free blocks: 3833856-3866623
  Free inodes: 958465-966656
Group 118: (Blocks 3866624-3899391) csum 0xac91 [INODE_UNINIT, BLOCK_UNINIT]
  Block bitmap at 3670022 (bg #112 + 6), csum 0x00000000
  Inode bitmap at 3670038 (bg #112 + 22), csum 0x00000000
  Inode table at 3673120-3673631 (bg #112 + 3104)
  32768 free blocks, 8192 free inodes, 0 directories, 8192 unused inodes
  Free blocks: 3866624-3899391
  Free inodes: 966657-974848
Group 119: (Blocks 3899392-3932159) csum 0xb2ba [INODE_UNINIT, BLOCK_UNINIT]
  Block bitmap at 3670023 (bg #112 + 7), csum 0x00000000
  Inode bitmap at 3670039 (bg #112 + 23), csum 0x00000000
  Inode table at 3673632-3674143 (bg #112 + 3616)
  32768 free blocks, 8192 free inodes, 0 directories, 8192 unused inodes
  Free blocks: 3899392-3932159
  Free inodes: 974849-983040
Group 120: (Blocks 3932160-3964927) csum 0x2f15 [INODE_UNINIT, BLOCK_UNINIT]
  Block bitmap at 3670024 (bg #112 + 8), csum 0x00000000
  Inode bitmap at 3670040 (bg #112 + 24), csum 0x00000000
  Inode table at 3674144-3674655 (bg #112 + 4128)
  32768 free blocks, 8192 free inodes, 0 directories, 8192 unused inodes
  Free blocks: 3932160-3964927
  Free inodes: 983041-991232
Group 121: (Blocks 3964928-3997695) csum 0x313e [INODE_UNINIT, BLOCK_UNINIT]
  Block bitmap at 3670025 (bg #112 + 9), csum 0x00000000
  Inode bitmap at 3670041 (bg #112 + 25), csum 0x00000000
  Inode table at 3674656-3675167 (bg #112 + 4640)
  32768 free blocks, 8192 free inodes, 0 directories, 8192 unused inodes
  Free blocks: 3964928-3997695
  Free inodes: 991233-999424
Group 122: (Blocks 3997696-4030463) csum 0x65b2 [INODE_UNINIT, BLOCK_UNINIT]
  Block bitmap at 3670026 (bg #112 + 10), csum 0x00000000
  Inode bitmap at 3670042 (bg #112 + 26), csum 0x00000000
  Inode table at 3675168-3675679 (bg #112 + 5152)
  32768 free blocks, 8192 free inodes, 0 directories, 8192 unused inodes
  Free blocks: 3997696-4030463
  Free inodes: 999425-1007616
Group 123: (Blocks 4030464-4063231) csum 0x7b99 [INODE_UNINIT, BLOCK_UNINIT]
  Block bitmap at 3670027 (bg #112 + 11), csum 0x00000000
  Inode bitmap at 3670043 (bg #112 + 27), csum 0x00000000
  Inode table at 3675680-3676191 (bg #112 + 5664)
  32768 free blocks, 8192 free inodes, 0 directories, 8192 unused inodes
  Free blocks: 4030464-4063231
  Free inodes: 1007617-1015808
Group 124: (Blocks 4063232-4095999) csum 0xba5b [INODE_UNINIT, BLOCK_UNINIT]
  Block bitmap at 3670028 (bg #112 + 12), csum 0x00000000
  Inode bitmap at 3670044 (bg #112 + 28), csum 0x00000000
  Inode table at 3676192-3676703 (bg #112 + 6176)
  32768 free blocks, 8192 free inodes, 0 directories, 8192 unused inodes
  Free blocks: 4063232-4095999
  Free inodes: 1015809-1024000
Group 125: (Blocks 4096000-4128767) csum 0x1dfd [INODE_UNINIT, BLOCK_UNINIT]
  Backup superblock at 4096000, Group descriptors at 4096001-4096059
  Reserved GDT blocks at 4096060-4097083
  Block bitmap at 3670029 (bg #112 + 13), csum 0x00000000
  Inode bitmap at 3670045 (bg #112 + 29), csum 0x00000000
  Inode table at 3676704-3677215 (bg #112 + 6688)
  31684 free blocks, 8192 free inodes, 0 directories, 8192 unused inodes
  Free blocks: 4097084-4128767
  Free inodes: 1024001-1032192
Group 126: (Blocks 4128768-4161535) csum 0xf0fc [INODE_UNINIT, BLOCK_UNINIT]
  Block bitmap at 3670030 (bg #112 + 14), csum 0x00000000
  Inode bitmap at 3670046 (bg #112 + 30), csum 0x00000000
  Inode table at 3677216-3677727 (bg #112 + 7200)
  32768 free blocks, 8192 free inodes, 0 directories, 8192 unused inodes
  Free blocks: 4128768-4161535
  Free inodes: 1032193-1040384
Group 127: (Blocks 4161536-4194303) csum 0xeed7 [INODE_UNINIT, BLOCK_UNINIT]
  Block bitmap at 3670031 (bg #112 + 15), csum 0x00000000
  Inode bitmap at 3670047 (bg #112 + 31), csum 0x00000000
  Inode table at 3677728-3678239 (bg #112 + 7712)
  32768 free blocks, 8192 free inodes, 0 directories, 8192 unused inodes
  Free blocks: 4161536-4194303
  Free inodes: 1040385-1048576
Group 128: (Blocks 4194304-4227071) csum 0x37fd [INODE_UNINIT]
  Block bitmap at 4194304 (+0), csum 0xcf475b8e
  Inode bitmap at 4194320 (+16), csum 0x00000000
  Inode table at 4194336-4194847 (+32)
  24544 free blocks, 8192 free inodes, 0 directories, 8192 unused inodes
  Free blocks: 4202528-4227071
  Free inodes: 1048577-1056768
Group 129: (Blocks 4227072-4259839) csum 0x5d64 [INODE_UNINIT, BLOCK_UNINIT]
  Block bitmap at 4194305 (bg #128 + 1), csum 0x00000000
  Inode bitmap at 4194321 (bg #128 + 17), csum 0x00000000
  Inode table at 4194848-4195359 (bg #128 + 544)
  32768 free blocks, 8192 free inodes, 0 directories, 8192 unused inodes
  Free blocks: 4227072-4259839
  Free inodes: 1056769-1064960
Group 130: (Blocks 4259840-4292607) csum 0x09e8 [INODE_UNINIT, BLOCK_UNINIT]
  Block bitmap at 4194306 (bg #128 + 2), csum 0x00000000
  Inode bitmap at 4194322 (bg #128 + 18), csum 0x00000000
  Inode table at 4195360-4195871 (bg #128 + 1056)
  32768 free blocks, 8192 free inodes, 0 directories, 8192 unused inodes
  Free blocks: 4259840-4292607
  Free inodes: 1064961-1073152
Group 131: (Blocks 4292608-4325375) csum 0x17c3 [INODE_UNINIT, BLOCK_UNINIT]
  Block bitmap at 4194307 (bg #128 + 3), csum 0x00000000
  Inode bitmap at 4194323 (bg #128 + 19), csum 0x00000000
  Inode table at 4195872-4196383 (bg #128 + 1568)
  32768 free blocks, 8192 free inodes, 0 directories, 8192 unused inodes
  Free blocks: 4292608-4325375
  Free inodes: 1073153-1081344
Group 132: (Blocks 4325376-4358143) csum 0xd601 [INODE_UNINIT, BLOCK_UNINIT]
  Block bitmap at 4194308 (bg #128 + 4), csum 0x00000000
  Inode bitmap at 4194324 (bg #128 + 20), csum 0x00000000
  Inode table at 4196384-4196895 (bg #128 + 2080)
  32768 free blocks, 8192 free inodes, 0 directories, 8192 unused inodes
  Free blocks: 4325376-4358143
  Free inodes: 1081345-1089536
Group 133: (Blocks 4358144-4390911) csum 0xc82a [INODE_UNINIT, BLOCK_UNINIT]
  Block bitmap at 4194309 (bg #128 + 5), csum 0x00000000
  Inode bitmap at 4194325 (bg #128 + 21), csum 0x00000000
  Inode table at 4196896-4197407 (bg #128 + 2592)
  32768 free blocks, 8192 free inodes, 0 directories, 8192 unused inodes
  Free blocks: 4358144-4390911
  Free inodes: 1089537-1097728
Group 134: (Blocks 4390912-4423679) csum 0x9ca6 [INODE_UNINIT, BLOCK_UNINIT]
  Block bitmap at 4194310 (bg #128 + 6), csum 0x00000000
  Inode bitmap at 4194326 (bg #128 + 22), csum 0x00000000
  Inode table at 4197408-4197919 (bg #128 + 3104)
  32768 free blocks, 8192 free inodes, 0 directories, 8192 unused inodes
  Free blocks: 4390912-4423679
  Free inodes: 1097729-1105920
Group 135: (Blocks 4423680-4456447) csum 0x828d [INODE_UNINIT, BLOCK_UNINIT]
  Block bitmap at 4194311 (bg #128 + 7), csum 0x00000000
  Inode bitmap at 4194327 (bg #128 + 23), csum 0x00000000
  Inode table at 4197920-4198431 (bg #128 + 3616)
  32768 free blocks, 8192 free inodes, 0 directories, 8192 unused inodes
  Free blocks: 4423680-4456447
  Free inodes: 1105921-1114112
Group 136: (Blocks 4456448-4489215) csum 0x1f22 [INODE_UNINIT, BLOCK_UNINIT]
  Block bitmap at 4194312 (bg #128 + 8), csum 0x00000000
  Inode bitmap at 4194328 (bg #128 + 24), csum 0x00000000
  Inode table at 4198432-4198943 (bg #128 + 4128)
  32768 free blocks, 8192 free inodes, 0 directories, 8192 unused inodes
  Free blocks: 4456448-4489215
  Free inodes: 1114113-1122304
Group 137: (Blocks 4489216-4521983) csum 0x0109 [INODE_UNINIT, BLOCK_UNINIT]
  Block bitmap at 4194313 (bg #128 + 9), csum 0x00000000
  Inode bitmap at 4194329 (bg #128 + 25), csum 0x00000000
  Inode table at 4198944-4199455 (bg #128 + 4640)
  32768 free blocks, 8192 free inodes, 0 directories, 8192 unused inodes
  Free blocks: 4489216-4521983
  Free inodes: 1122305-1130496
Group 138: (Blocks 4521984-4554751) csum 0x5585 [INODE_UNINIT, BLOCK_UNINIT]
  Block bitmap at 4194314 (bg #128 + 10), csum 0x00000000
  Inode bitmap at 4194330 (bg #128 + 26), csum 0x00000000
  Inode table at 4199456-4199967 (bg #128 + 5152)
  32768 free blocks, 8192 free inodes, 0 directories, 8192 unused inodes
  Free blocks: 4521984-4554751
  Free inodes: 1130497-1138688
Group 139: (Blocks 4554752-4587519) csum 0x4bae [INODE_UNINIT, BLOCK_UNINIT]
  Block bitmap at 4194315 (bg #128 + 11), csum 0x00000000
  Inode bitmap at 4194331 (bg #128 + 27), csum 0x00000000
  Inode table at 4199968-4200479 (bg #128 + 5664)
  32768 free blocks, 8192 free inodes, 0 directories, 8192 unused inodes
  Free blocks: 4554752-4587519
  Free inodes: 1138689-1146880
Group 140: (Blocks 4587520-4620287) csum 0x8a6c [INODE_UNINIT, BLOCK_UNINIT]
  Block bitmap at 4194316 (bg #128 + 12), csum 0x00000000
  Inode bitmap at 4194332 (bg #128 + 28), csum 0x00000000
  Inode table at 4200480-4200991 (bg #128 + 6176)
  32768 free blocks, 8192 free inodes, 0 directories, 8192 unused inodes
  Free blocks: 4587520-4620287
  Free inodes: 1146881-1155072
Group 141: (Blocks 4620288-4653055) csum 0x9447 [INODE_UNINIT, BLOCK_UNINIT]
  Block bitmap at 4194317 (bg #128 + 13), csum 0x00000000
  Inode bitmap at 4194333 (bg #128 + 29), csum 0x00000000
  Inode table at 4200992-4201503 (bg #128 + 6688)
  32768 free blocks, 8192 free inodes, 0 directories, 8192 unused inodes
  Free blocks: 4620288-4653055
  Free inodes: 1155073-1163264
Group 142: (Blocks 4653056-4685823) csum 0xc0cb [INODE_UNINIT, BLOCK_UNINIT]
  Block bitmap at 4194318 (bg #128 + 14), csum 0x00000000
  Inode bitmap at 4194334 (bg #128 + 30), csum 0x00000000
  Inode table at 4201504-4202015 (bg #128 + 7200)
  32768 free blocks, 8192 free inodes, 0 directories, 8192 unused inodes
  Free blocks: 4653056-4685823
  Free inodes: 1163265-1171456
Group 143: (Blocks 4685824-4718591) csum 0xdee0 [INODE_UNINIT, BLOCK_UNINIT]
  Block bitmap at 4194319 (bg #128 + 15), csum 0x00000000
  Inode bitmap at 4194335 (bg #128 + 31), csum 0x00000000
  Inode table at 4202016-4202527 (bg #128 + 7712)
  32768 free blocks, 8192 free inodes, 0 directories, 8192 unused inodes
  Free blocks: 4685824-4718591
  Free inodes: 1171457-1179648
Group 144: (Blocks 4718592-4751359) csum 0xb051 [INODE_UNINIT]
  Block bitmap at 4718592 (+0), csum 0xcf475b8e
  Inode bitmap at 4718608 (+16), csum 0x00000000
  Inode table at 4718624-4719135 (+32)
  24544 free blocks, 8192 free inodes, 0 directories, 8192 unused inodes
  Free blocks: 4726816-4751359
  Free inodes: 1179649-1187840
Group 145: (Blocks 4751360-4784127) csum 0xdac8 [INODE_UNINIT, BLOCK_UNINIT]
  Block bitmap at 4718593 (bg #144 + 1), csum 0x00000000
  Inode bitmap at 4718609 (bg #144 + 17), csum 0x00000000
  Inode table at 4719136-4719647 (bg #144 + 544)
  32768 free blocks, 8192 free inodes, 0 directories, 8192 unused inodes
  Free blocks: 4751360-4784127
  Free inodes: 1187841-1196032
Group 146: (Blocks 4784128-4816895) csum 0x8e44 [INODE_UNINIT, BLOCK_UNINIT]
  Block bitmap at 4718594 (bg #144 + 2), csum 0x00000000
  Inode bitmap at 4718610 (bg #144 + 18), csum 0x00000000
  Inode table at 4719648-4720159 (bg #144 + 1056)
  32768 free blocks, 8192 free inodes, 0 directories, 8192 unused inodes
  Free blocks: 4784128-4816895
  Free inodes: 1196033-1204224
Group 147: (Blocks 4816896-4849663) csum 0x906f [INODE_UNINIT, BLOCK_UNINIT]
  Block bitmap at 4718595 (bg #144 + 3), csum 0x00000000
  Inode bitmap at 4718611 (bg #144 + 19), csum 0x00000000
  Inode table at 4720160-4720671 (bg #144 + 1568)
  32768 free blocks, 8192 free inodes, 0 directories, 8192 unused inodes
  Free blocks: 4816896-4849663
  Free inodes: 1204225-1212416
Group 148: (Blocks 4849664-4882431) csum 0x51ad [INODE_UNINIT, BLOCK_UNINIT]
  Block bitmap at 4718596 (bg #144 + 4), csum 0x00000000
  Inode bitmap at 4718612 (bg #144 + 20), csum 0x00000000
  Inode table at 4720672-4721183 (bg #144 + 2080)
  32768 free blocks, 8192 free inodes, 0 directories, 8192 unused inodes
  Free blocks: 4849664-4882431
  Free inodes: 1212417-1220608
Group 149: (Blocks 4882432-4915199) csum 0x4f86 [INODE_UNINIT, BLOCK_UNINIT]
  Block bitmap at 4718597 (bg #144 + 5), csum 0x00000000
  Inode bitmap at 4718613 (bg #144 + 21), csum 0x00000000
  Inode table at 4721184-4721695 (bg #144 + 2592)
  32768 free blocks, 8192 free inodes, 0 directories, 8192 unused inodes
  Free blocks: 4882432-4915199
  Free inodes: 1220609-1228800
Group 150: (Blocks 4915200-4947967) csum 0x1b0a [INODE_UNINIT, BLOCK_UNINIT]
  Block bitmap at 4718598 (bg #144 + 6), csum 0x00000000
  Inode bitmap at 4718614 (bg #144 + 22), csum 0x00000000
  Inode table at 4721696-4722207 (bg #144 + 3104)
  32768 free blocks, 8192 free inodes, 0 directories, 8192 unused inodes
  Free blocks: 4915200-4947967
  Free inodes: 1228801-1236992
Group 151: (Blocks 4947968-4980735) csum 0x0521 [INODE_UNINIT, BLOCK_UNINIT]
  Block bitmap at 4718599 (bg #144 + 7), csum 0x00000000
  Inode bitmap at 4718615 (bg #144 + 23), csum 0x00000000
  Inode table at 4722208-4722719 (bg #144 + 3616)
  32768 free blocks, 8192 free inodes, 0 directories, 8192 unused inodes
  Free blocks: 4947968-4980735
  Free inodes: 1236993-1245184
Group 152: (Blocks 4980736-5013503) csum 0x988e [INODE_UNINIT, BLOCK_UNINIT]
  Block bitmap at 4718600 (bg #144 + 8), csum 0x00000000
  Inode bitmap at 4718616 (bg #144 + 24), csum 0x00000000
  Inode table at 4722720-4723231 (bg #144 + 4128)
  32768 free blocks, 8192 free inodes, 0 directories, 8192 unused inodes
  Free blocks: 4980736-5013503
  Free inodes: 1245185-1253376
Group 153: (Blocks 5013504-5046271) csum 0x86a5 [INODE_UNINIT, BLOCK_UNINIT]
  Block bitmap at 4718601 (bg #144 + 9), csum 0x00000000
  Inode bitmap at 4718617 (bg #144 + 25), csum 0x00000000
  Inode table at 4723232-4723743 (bg #144 + 4640)
  32768 free blocks, 8192 free inodes, 0 directories, 8192 unused inodes
  Free blocks: 5013504-5046271
  Free inodes: 1253377-1261568
Group 154: (Blocks 5046272-5079039) csum 0xd229 [INODE_UNINIT, BLOCK_UNINIT]
  Block bitmap at 4718602 (bg #144 + 10), csum 0x00000000
  Inode bitmap at 4718618 (bg #144 + 26), csum 0x00000000
  Inode table at 4723744-4724255 (bg #144 + 5152)
  32768 free blocks, 8192 free inodes, 0 directories, 8192 unused inodes
  Free blocks: 5046272-5079039
  Free inodes: 1261569-1269760
Group 155: (Blocks 5079040-5111807) csum 0xcc02 [INODE_UNINIT, BLOCK_UNINIT]
  Block bitmap at 4718603 (bg #144 + 11), csum 0x00000000
  Inode bitmap at 4718619 (bg #144 + 27), csum 0x00000000
  Inode table at 4724256-4724767 (bg #144 + 5664)
  32768 free blocks, 8192 free inodes, 0 directories, 8192 unused inodes
  Free blocks: 5079040-5111807
  Free inodes: 1269761-1277952
Group 156: (Blocks 5111808-5144575) csum 0x0dc0 [INODE_UNINIT, BLOCK_UNINIT]
  Block bitmap at 4718604 (bg #144 + 12), csum 0x00000000
  Inode bitmap at 4718620 (bg #144 + 28), csum 0x00000000
  Inode table at 4724768-4725279 (bg #144 + 6176)
  32768 free blocks, 8192 free inodes, 0 directories, 8192 unused inodes
  Free blocks: 5111808-5144575
  Free inodes: 1277953-1286144
Group 157: (Blocks 5144576-5177343) csum 0x13eb [INODE_UNINIT, BLOCK_UNINIT]
  Block bitmap at 4718605 (bg #144 + 13), csum 0x00000000
  Inode bitmap at 4718621 (bg #144 + 29), csum 0x00000000
  Inode table at 4725280-4725791 (bg #144 + 6688)
  32768 free blocks, 8192 free inodes, 0 directories, 8192 unused inodes
  Free blocks: 5144576-5177343
  Free inodes: 1286145-1294336
Group 158: (Blocks 5177344-5210111) csum 0x4767 [INODE_UNINIT, BLOCK_UNINIT]
  Block bitmap at 4718606 (bg #144 + 14), csum 0x00000000
  Inode bitmap at 4718622 (bg #144 + 30), csum 0x00000000
  Inode table at 4725792-4726303 (bg #144 + 7200)
  32768 free blocks, 8192 free inodes, 0 directories, 8192 unused inodes
  Free blocks: 5177344-5210111
  Free inodes: 1294337-1302528
Group 159: (Blocks 5210112-5242879) csum 0x594c [INODE_UNINIT, BLOCK_UNINIT]
  Block bitmap at 4718607 (bg #144 + 15), csum 0x00000000
  Inode bitmap at 4718623 (bg #144 + 31), csum 0x00000000
  Inode table at 4726304-4726815 (bg #144 + 7712)
  32768 free blocks, 8192 free inodes, 0 directories, 8192 unused inodes
  Free blocks: 5210112-5242879
  Free inodes: 1302529-1310720
Group 160: (Blocks 5242880-5275647) csum 0x38a5 [INODE_UNINIT]
  Block bitmap at 5242880 (+0), csum 0xcf475b8e
  Inode bitmap at 5242896 (+16), csum 0x00000000
  Inode table at 5242912-5243423 (+32)
  24544 free blocks, 8192 free inodes, 0 directories, 8192 unused inodes
  Free blocks: 5251104-5275647
  Free inodes: 1310721-1318912
Group 161: (Blocks 5275648-5308415) csum 0x523c [INODE_UNINIT, BLOCK_UNINIT]
  Block bitmap at 5242881 (bg #160 + 1), csum 0x00000000
  Inode bitmap at 5242897 (bg #160 + 17), csum 0x00000000
  Inode table at 5243424-5243935 (bg #160 + 544)
  32768 free blocks, 8192 free inodes, 0 directories, 8192 unused inodes
  Free blocks: 5275648-5308415
  Free inodes: 1318913-1327104
Group 162: (Blocks 5308416-5341183) csum 0x06b0 [INODE_UNINIT, BLOCK_UNINIT]
  Block bitmap at 5242882 (bg #160 + 2), csum 0x00000000
  Inode bitmap at 5242898 (bg #160 + 18), csum 0x00000000
  Inode table at 5243936-5244447 (bg #160 + 1056)
  32768 free blocks, 8192 free inodes, 0 directories, 8192 unused inodes
  Free blocks: 5308416-5341183
  Free inodes: 1327105-1335296
Group 163: (Blocks 5341184-5373951) csum 0x189b [INODE_UNINIT, BLOCK_UNINIT]
  Block bitmap at 5242883 (bg #160 + 3), csum 0x00000000
  Inode bitmap at 5242899 (bg #160 + 19), csum 0x00000000
  Inode table at 5244448-5244959 (bg #160 + 1568)
  32768 free blocks, 8192 free inodes, 0 directories, 8192 unused inodes
  Free blocks: 5341184-5373951
  Free inodes: 1335297-1343488
Group 164: (Blocks 5373952-5406719) csum 0xd959 [INODE_UNINIT, BLOCK_UNINIT]
  Block bitmap at 5242884 (bg #160 + 4), csum 0x00000000
  Inode bitmap at 5242900 (bg #160 + 20), csum 0x00000000
  Inode table at 5244960-5245471 (bg #160 + 2080)
  32768 free blocks, 8192 free inodes, 0 directories, 8192 unused inodes
  Free blocks: 5373952-5406719
  Free inodes: 1343489-1351680
Group 165: (Blocks 5406720-5439487) csum 0xc772 [INODE_UNINIT, BLOCK_UNINIT]
  Block bitmap at 5242885 (bg #160 + 5), csum 0x00000000
  Inode bitmap at 5242901 (bg #160 + 21), csum 0x00000000
  Inode table at 5245472-5245983 (bg #160 + 2592)
  32768 free blocks, 8192 free inodes, 0 directories, 8192 unused inodes
  Free blocks: 5406720-5439487
  Free inodes: 1351681-1359872
Group 166: (Blocks 5439488-5472255) csum 0x93fe [INODE_UNINIT, BLOCK_UNINIT]
  Block bitmap at 5242886 (bg #160 + 6), csum 0x00000000
  Inode bitmap at 5242902 (bg #160 + 22), csum 0x00000000
  Inode table at 5245984-5246495 (bg #160 + 3104)
  32768 free blocks, 8192 free inodes, 0 directories, 8192 unused inodes
  Free blocks: 5439488-5472255
  Free inodes: 1359873-1368064
Group 167: (Blocks 5472256-5505023) csum 0x8dd5 [INODE_UNINIT, BLOCK_UNINIT]
  Block bitmap at 5242887 (bg #160 + 7), csum 0x00000000
  Inode bitmap at 5242903 (bg #160 + 23), csum 0x00000000
  Inode table at 5246496-5247007 (bg #160 + 3616)
  32768 free blocks, 8192 free inodes, 0 directories, 8192 unused inodes
  Free blocks: 5472256-5505023
  Free inodes: 1368065-1376256
Group 168: (Blocks 5505024-5537791) csum 0x107a [INODE_UNINIT, BLOCK_UNINIT]
  Block bitmap at 5242888 (bg #160 + 8), csum 0x00000000
  Inode bitmap at 5242904 (bg #160 + 24), csum 0x00000000
  Inode table at 5247008-5247519 (bg #160 + 4128)
  32768 free blocks, 8192 free inodes, 0 directories, 8192 unused inodes
  Free blocks: 5505024-5537791
  Free inodes: 1376257-1384448
Group 169: (Blocks 5537792-5570559) csum 0x0e51 [INODE_UNINIT, BLOCK_UNINIT]
  Block bitmap at 5242889 (bg #160 + 9), csum 0x00000000
  Inode bitmap at 5242905 (bg #160 + 25), csum 0x00000000
  Inode table at 5247520-5248031 (bg #160 + 4640)
  32768 free blocks, 8192 free inodes, 0 directories, 8192 unused inodes
  Free blocks: 5537792-5570559
  Free inodes: 1384449-1392640
Group 170: (Blocks 5570560-5603327) csum 0x5add [INODE_UNINIT, BLOCK_UNINIT]
  Block bitmap at 5242890 (bg #160 + 10), csum 0x00000000
  Inode bitmap at 5242906 (bg #160 + 26), csum 0x00000000
  Inode table at 5248032-5248543 (bg #160 + 5152)
  32768 free blocks, 8192 free inodes, 0 directories, 8192 unused inodes
  Free blocks: 5570560-5603327
  Free inodes: 1392641-1400832
Group 171: (Blocks 5603328-5636095) csum 0x44f6 [INODE_UNINIT, BLOCK_UNINIT]
  Block bitmap at 5242891 (bg #160 + 11), csum 0x00000000
  Inode bitmap at 5242907 (bg #160 + 27), csum 0x00000000
  Inode table at 5248544-5249055 (bg #160 + 5664)
  32768 free blocks, 8192 free inodes, 0 directories, 8192 unused inodes
  Free blocks: 5603328-5636095
  Free inodes: 1400833-1409024
Group 172: (Blocks 5636096-5668863) csum 0x8534 [INODE_UNINIT, BLOCK_UNINIT]
  Block bitmap at 5242892 (bg #160 + 12), csum 0x00000000
  Inode bitmap at 5242908 (bg #160 + 28), csum 0x00000000
  Inode table at 5249056-5249567 (bg #160 + 6176)
  32768 free blocks, 8192 free inodes, 0 directories, 8192 unused inodes
  Free blocks: 5636096-5668863
  Free inodes: 1409025-1417216
Group 173: (Blocks 5668864-5701631) csum 0x9b1f [INODE_UNINIT, BLOCK_UNINIT]
  Block bitmap at 5242893 (bg #160 + 13), csum 0x00000000
  Inode bitmap at 5242909 (bg #160 + 29), csum 0x00000000
  Inode table at 5249568-5250079 (bg #160 + 6688)
  32768 free blocks, 8192 free inodes, 0 directories, 8192 unused inodes
  Free blocks: 5668864-5701631
  Free inodes: 1417217-1425408
Group 174: (Blocks 5701632-5734399) csum 0xcf93 [INODE_UNINIT, BLOCK_UNINIT]
  Block bitmap at 5242894 (bg #160 + 14), csum 0x00000000
  Inode bitmap at 5242910 (bg #160 + 30), csum 0x00000000
  Inode table at 5250080-5250591 (bg #160 + 7200)
  32768 free blocks, 8192 free inodes, 0 directories, 8192 unused inodes
  Free blocks: 5701632-5734399
  Free inodes: 1425409-1433600
Group 175: (Blocks 5734400-5767167) csum 0xd1b8 [INODE_UNINIT, BLOCK_UNINIT]
  Block bitmap at 5242895 (bg #160 + 15), csum 0x00000000
  Inode bitmap at 5242911 (bg #160 + 31), csum 0x00000000
  Inode table at 5250592-5251103 (bg #160 + 7712)
  32768 free blocks, 8192 free inodes, 0 directories, 8192 unused inodes
  Free blocks: 5734400-5767167
  Free inodes: 1433601-1441792
Group 176: (Blocks 5767168-5799935) csum 0xbf09 [INODE_UNINIT]
  Block bitmap at 5767168 (+0), csum 0xcf475b8e
  Inode bitmap at 5767184 (+16), csum 0x00000000
  Inode table at 5767200-5767711 (+32)
  24544 free blocks, 8192 free inodes, 0 directories, 8192 unused inodes
  Free blocks: 5775392-5799935
  Free inodes: 1441793-1449984
Group 177: (Blocks 5799936-5832703) csum 0xd590 [INODE_UNINIT, BLOCK_UNINIT]
  Block bitmap at 5767169 (bg #176 + 1), csum 0x00000000
  Inode bitmap at 5767185 (bg #176 + 17), csum 0x00000000
  Inode table at 5767712-5768223 (bg #176 + 544)
  32768 free blocks, 8192 free inodes, 0 directories, 8192 unused inodes
  Free blocks: 5799936-5832703
  Free inodes: 1449985-1458176
Group 178: (Blocks 5832704-5865471) csum 0x811c [INODE_UNINIT, BLOCK_UNINIT]
  Block bitmap at 5767170 (bg #176 + 2), csum 0x00000000
  Inode bitmap at 5767186 (bg #176 + 18), csum 0x00000000
  Inode table at 5768224-5768735 (bg #176 + 1056)
  32768 free blocks, 8192 free inodes, 0 directories, 8192 unused inodes
  Free blocks: 5832704-5865471
  Free inodes: 1458177-1466368
Group 179: (Blocks 5865472-5898239) csum 0x9f37 [INODE_UNINIT, BLOCK_UNINIT]
  Block bitmap at 5767171 (bg #176 + 3), csum 0x00000000
  Inode bitmap at 5767187 (bg #176 + 19), csum 0x00000000
  Inode table at 5768736-5769247 (bg #176 + 1568)
  32768 free blocks, 8192 free inodes, 0 directories, 8192 unused inodes
  Free blocks: 5865472-5898239
  Free inodes: 1466369-1474560
Group 180: (Blocks 5898240-5931007) csum 0x5ef5 [INODE_UNINIT, BLOCK_UNINIT]
  Block bitmap at 5767172 (bg #176 + 4), csum 0x00000000
  Inode bitmap at 5767188 (bg #176 + 20), csum 0x00000000
  Inode table at 5769248-5769759 (bg #176 + 2080)
  32768 free blocks, 8192 free inodes, 0 directories, 8192 unused inodes
  Free blocks: 5898240-5931007
  Free inodes: 1474561-1482752
Group 181: (Blocks 5931008-5963775) csum 0x40de [INODE_UNINIT, BLOCK_UNINIT]
  Block bitmap at 5767173 (bg #176 + 5), csum 0x00000000
  Inode bitmap at 5767189 (bg #176 + 21), csum 0x00000000
  Inode table at 5769760-5770271 (bg #176 + 2592)
  32768 free blocks, 8192 free inodes, 0 directories, 8192 unused inodes
  Free blocks: 5931008-5963775
  Free inodes: 1482753-1490944
Group 182: (Blocks 5963776-5996543) csum 0x1452 [INODE_UNINIT, BLOCK_UNINIT]
  Block bitmap at 5767174 (bg #176 + 6), csum 0x00000000
  Inode bitmap at 5767190 (bg #176 + 22), csum 0x00000000
  Inode table at 5770272-5770783 (bg #176 + 3104)
  32768 free blocks, 8192 free inodes, 0 directories, 8192 unused inodes
  Free blocks: 5963776-5996543
  Free inodes: 1490945-1499136
Group 183: (Blocks 5996544-6029311) csum 0x0a79 [INODE_UNINIT, BLOCK_UNINIT]
  Block bitmap at 5767175 (bg #176 + 7), csum 0x00000000
  Inode bitmap at 5767191 (bg #176 + 23), csum 0x00000000
  Inode table at 5770784-5771295 (bg #176 + 3616)
  32768 free blocks, 8192 free inodes, 0 directories, 8192 unused inodes
  Free blocks: 5996544-6029311
  Free inodes: 1499137-1507328
Group 184: (Blocks 6029312-6062079) csum 0x97d6 [INODE_UNINIT, BLOCK_UNINIT]
  Block bitmap at 5767176 (bg #176 + 8), csum 0x00000000
  Inode bitmap at 5767192 (bg #176 + 24), csum 0x00000000
  Inode table at 5771296-5771807 (bg #176 + 4128)
  32768 free blocks, 8192 free inodes, 0 directories, 8192 unused inodes
  Free blocks: 6029312-6062079
  Free inodes: 1507329-1515520
Group 185: (Blocks 6062080-6094847) csum 0x89fd [INODE_UNINIT, BLOCK_UNINIT]
  Block bitmap at 5767177 (bg #176 + 9), csum 0x00000000
  Inode bitmap at 5767193 (bg #176 + 25), csum 0x00000000
  Inode table at 5771808-5772319 (bg #176 + 4640)
  32768 free blocks, 8192 free inodes, 0 directories, 8192 unused inodes
  Free blocks: 6062080-6094847
  Free inodes: 1515521-1523712
Group 186: (Blocks 6094848-6127615) csum 0xdd71 [INODE_UNINIT, BLOCK_UNINIT]
  Block bitmap at 5767178 (bg #176 + 10), csum 0x00000000
  Inode bitmap at 5767194 (bg #176 + 26), csum 0x00000000
  Inode table at 5772320-5772831 (bg #176 + 5152)
  32768 free blocks, 8192 free inodes, 0 directories, 8192 unused inodes
  Free blocks: 6094848-6127615
  Free inodes: 1523713-1531904
Group 187: (Blocks 6127616-6160383) csum 0xc35a [INODE_UNINIT, BLOCK_UNINIT]
  Block bitmap at 5767179 (bg #176 + 11), csum 0x00000000
  Inode bitmap at 5767195 (bg #176 + 27), csum 0x00000000
  Inode table at 5772832-5773343 (bg #176 + 5664)
  32768 free blocks, 8192 free inodes, 0 directories, 8192 unused inodes
  Free blocks: 6127616-6160383
  Free inodes: 1531905-1540096
Group 188: (Blocks 6160384-6193151) csum 0x0298 [INODE_UNINIT, BLOCK_UNINIT]
  Block bitmap at 5767180 (bg #176 + 12), csum 0x00000000
  Inode bitmap at 5767196 (bg #176 + 28), csum 0x00000000
  Inode table at 5773344-5773855 (bg #176 + 6176)
  32768 free blocks, 8192 free inodes, 0 directories, 8192 unused inodes
  Free blocks: 6160384-6193151
  Free inodes: 1540097-1548288
Group 189: (Blocks 6193152-6225919) csum 0x1cb3 [INODE_UNINIT, BLOCK_UNINIT]
  Block bitmap at 5767181 (bg #176 + 13), csum 0x00000000
  Inode bitmap at 5767197 (bg #176 + 29), csum 0x00000000
  Inode table at 5773856-5774367 (bg #176 + 6688)
  32768 free blocks, 8192 free inodes, 0 directories, 8192 unused inodes
  Free blocks: 6193152-6225919
  Free inodes: 1548289-1556480
Group 190: (Blocks 6225920-6258687) csum 0x483f [INODE_UNINIT, BLOCK_UNINIT]
  Block bitmap at 5767182 (bg #176 + 14), csum 0x00000000
  Inode bitmap at 5767198 (bg #176 + 30), csum 0x00000000
  Inode table at 5774368-5774879 (bg #176 + 7200)
  32768 free blocks, 8192 free inodes, 0 directories, 8192 unused inodes
  Free blocks: 6225920-6258687
  Free inodes: 1556481-1564672
Group 191: (Blocks 6258688-6291455) csum 0x5614 [INODE_UNINIT, BLOCK_UNINIT]
  Block bitmap at 5767183 (bg #176 + 15), csum 0x00000000
  Inode bitmap at 5767199 (bg #176 + 31), csum 0x00000000
  Inode table at 5774880-5775391 (bg #176 + 7712)
  32768 free blocks, 8192 free inodes, 0 directories, 8192 unused inodes
  Free blocks: 6258688-6291455
  Free inodes: 1564673-1572864
Group 192: (Blocks 6291456-6324223) csum 0x5fbc [INODE_UNINIT]
  Block bitmap at 6291456 (+0), csum 0xcf475b8e
  Inode bitmap at 6291472 (+16), csum 0x00000000
  Inode table at 6291488-6291999 (+32)
  24544 free blocks, 8192 free inodes, 0 directories, 8192 unused inodes
  Free blocks: 6299680-6324223
  Free inodes: 1572865-1581056
Group 193: (Blocks 6324224-6356991) csum 0x3525 [INODE_UNINIT, BLOCK_UNINIT]
  Block bitmap at 6291457 (bg #192 + 1), csum 0x00000000
  Inode bitmap at 6291473 (bg #192 + 17), csum 0x00000000
  Inode table at 6292000-6292511 (bg #192 + 544)
  32768 free blocks, 8192 free inodes, 0 directories, 8192 unused inodes
  Free blocks: 6324224-6356991
  Free inodes: 1581057-1589248
Group 194: (Blocks 6356992-6389759) csum 0x61a9 [INODE_UNINIT, BLOCK_UNINIT]
  Block bitmap at 6291458 (bg #192 + 2), csum 0x00000000
  Inode bitmap at 6291474 (bg #192 + 18), csum 0x00000000
  Inode table at 6292512-6293023 (bg #192 + 1056)
  32768 free blocks, 8192 free inodes, 0 directories, 8192 unused inodes
  Free blocks: 6356992-6389759
  Free inodes: 1589249-1597440
Group 195: (Blocks 6389760-6422527) csum 0x7f82 [INODE_UNINIT, BLOCK_UNINIT]
  Block bitmap at 6291459 (bg #192 + 3), csum 0x00000000
  Inode bitmap at 6291475 (bg #192 + 19), csum 0x00000000
  Inode table at 6293024-6293535 (bg #192 + 1568)
  32768 free blocks, 8192 free inodes, 0 directories, 8192 unused inodes
  Free blocks: 6389760-6422527
  Free inodes: 1597441-1605632
Group 196: (Blocks 6422528-6455295) csum 0xbe40 [INODE_UNINIT, BLOCK_UNINIT]
  Block bitmap at 6291460 (bg #192 + 4), csum 0x00000000
  Inode bitmap at 6291476 (bg #192 + 20), csum 0x00000000
  Inode table at 6293536-6294047 (bg #192 + 2080)
  32768 free blocks, 8192 free inodes, 0 directories, 8192 unused inodes
  Free blocks: 6422528-6455295
  Free inodes: 1605633-1613824
Group 197: (Blocks 6455296-6488063) csum 0xa06b [INODE_UNINIT, BLOCK_UNINIT]
  Block bitmap at 6291461 (bg #192 + 5), csum 0x00000000
  Inode bitmap at 6291477 (bg #192 + 21), csum 0x00000000
  Inode table at 6294048-6294559 (bg #192 + 2592)
  32768 free blocks, 8192 free inodes, 0 directories, 8192 unused inodes
  Free blocks: 6455296-6488063
  Free inodes: 1613825-1622016
Group 198: (Blocks 6488064-6520831) csum 0xf4e7 [INODE_UNINIT, BLOCK_UNINIT]
  Block bitmap at 6291462 (bg #192 + 6), csum 0x00000000
  Inode bitmap at 6291478 (bg #192 + 22), csum 0x00000000
  Inode table at 6294560-6295071 (bg #192 + 3104)
  32768 free blocks, 8192 free inodes, 0 directories, 8192 unused inodes
  Free blocks: 6488064-6520831
  Free inodes: 1622017-1630208
Group 199: (Blocks 6520832-6553599) csum 0xeacc [INODE_UNINIT, BLOCK_UNINIT]
  Block bitmap at 6291463 (bg #192 + 7), csum 0x00000000
  Inode bitmap at 6291479 (bg #192 + 23), csum 0x00000000
  Inode table at 6295072-6295583 (bg #192 + 3616)
  32768 free blocks, 8192 free inodes, 0 directories, 8192 unused inodes
  Free blocks: 6520832-6553599
  Free inodes: 1630209-1638400
Group 200: (Blocks 6553600-6586367) csum 0x7763 [INODE_UNINIT, BLOCK_UNINIT]
  Block bitmap at 6291464 (bg #192 + 8), csum 0x00000000
  Inode bitmap at 6291480 (bg #192 + 24), csum 0x00000000
  Inode table at 6295584-6296095 (bg #192 + 4128)
  32768 free blocks, 8192 free inodes, 0 directories, 8192 unused inodes
  Free blocks: 6553600-6586367
  Free inodes: 1638401-1646592
Group 201: (Blocks 6586368-6619135) csum 0x6948 [INODE_UNINIT, BLOCK_UNINIT]
  Block bitmap at 6291465 (bg #192 + 9), csum 0x00000000
  Inode bitmap at 6291481 (bg #192 + 25), csum 0x00000000
  Inode table at 6296096-6296607 (bg #192 + 4640)
  32768 free blocks, 8192 free inodes, 0 directories, 8192 unused inodes
  Free blocks: 6586368-6619135
  Free inodes: 1646593-1654784
Group 202: (Blocks 6619136-6651903) csum 0x3dc4 [INODE_UNINIT, BLOCK_UNINIT]
  Block bitmap at 6291466 (bg #192 + 10), csum 0x00000000
  Inode bitmap at 6291482 (bg #192 + 26), csum 0x00000000
  Inode table at 6296608-6297119 (bg #192 + 5152)
  32768 free blocks, 8192 free inodes, 0 directories, 8192 unused inodes
  Free blocks: 6619136-6651903
  Free inodes: 1654785-1662976
Group 203: (Blocks 6651904-6684671) csum 0x23ef [INODE_UNINIT, BLOCK_UNINIT]
  Block bitmap at 6291467 (bg #192 + 11), csum 0x00000000
  Inode bitmap at 6291483 (bg #192 + 27), csum 0x00000000
  Inode table at 6297120-6297631 (bg #192 + 5664)
  32768 free blocks, 8192 free inodes, 0 directories, 8192 unused inodes
  Free blocks: 6651904-6684671
  Free inodes: 1662977-1671168
Group 204: (Blocks 6684672-6717439) csum 0xe22d [INODE_UNINIT, BLOCK_UNINIT]
  Block bitmap at 6291468 (bg #192 + 12), csum 0x00000000
  Inode bitmap at 6291484 (bg #192 + 28), csum 0x00000000
  Inode table at 6297632-6298143 (bg #192 + 6176)
  32768 free blocks, 8192 free inodes, 0 directories, 8192 unused inodes
  Free blocks: 6684672-6717439
  Free inodes: 1671169-1679360
Group 205: (Blocks 6717440-6750207) csum 0xfc06 [INODE_UNINIT, BLOCK_UNINIT]
  Block bitmap at 6291469 (bg #192 + 13), csum 0x00000000
  Inode bitmap at 6291485 (bg #192 + 29), csum 0x00000000
  Inode table at 6298144-6298655 (bg #192 + 6688)
  32768 free blocks, 8192 free inodes, 0 directories, 8192 unused inodes
  Free blocks: 6717440-6750207
  Free inodes: 1679361-1687552
Group 206: (Blocks 6750208-6782975) csum 0xa88a [INODE_UNINIT, BLOCK_UNINIT]
  Block bitmap at 6291470 (bg #192 + 14), csum 0x00000000
  Inode bitmap at 6291486 (bg #192 + 30), csum 0x00000000
  Inode table at 6298656-6299167 (bg #192 + 7200)
  32768 free blocks, 8192 free inodes, 0 directories, 8192 unused inodes
  Free blocks: 6750208-6782975
  Free inodes: 1687553-1695744
Group 207: (Blocks 6782976-6815743) csum 0xb6a1 [INODE_UNINIT, BLOCK_UNINIT]
  Block bitmap at 6291471 (bg #192 + 15), csum 0x00000000
  Inode bitmap at 6291487 (bg #192 + 31), csum 0x00000000
  Inode table at 6299168-6299679 (bg #192 + 7712)
  32768 free blocks, 8192 free inodes, 0 directories, 8192 unused inodes
  Free blocks: 6782976-6815743
  Free inodes: 1695745-1703936
Group 208: (Blocks 6815744-6848511) csum 0xd810 [INODE_UNINIT]
  Block bitmap at 6815744 (+0), csum 0xcf475b8e
  Inode bitmap at 6815760 (+16), csum 0x00000000
  Inode table at 6815776-6816287 (+32)
  24544 free blocks, 8192 free inodes, 0 directories, 8192 unused inodes
  Free blocks: 6823968-6848511
  Free inodes: 1703937-1712128
Group 209: (Blocks 6848512-6881279) csum 0xb289 [INODE_UNINIT, BLOCK_UNINIT]
  Block bitmap at 6815745 (bg #208 + 1), csum 0x00000000
  Inode bitmap at 6815761 (bg #208 + 17), csum 0x00000000
  Inode table at 6816288-6816799 (bg #208 + 544)
  32768 free blocks, 8192 free inodes, 0 directories, 8192 unused inodes
  Free blocks: 6848512-6881279
  Free inodes: 1712129-1720320
Group 210: (Blocks 6881280-6914047) csum 0xe605 [INODE_UNINIT, BLOCK_UNINIT]
  Block bitmap at 6815746 (bg #208 + 2), csum 0x00000000
  Inode bitmap at 6815762 (bg #208 + 18), csum 0x00000000
  Inode table at 6816800-6817311 (bg #208 + 1056)
  32768 free blocks, 8192 free inodes, 0 directories, 8192 unused inodes
  Free blocks: 6881280-6914047
  Free inodes: 1720321-1728512
Group 211: (Blocks 6914048-6946815) csum 0xf82e [INODE_UNINIT, BLOCK_UNINIT]
  Block bitmap at 6815747 (bg #208 + 3), csum 0x00000000
  Inode bitmap at 6815763 (bg #208 + 19), csum 0x00000000
  Inode table at 6817312-6817823 (bg #208 + 1568)
  32768 free blocks, 8192 free inodes, 0 directories, 8192 unused inodes
  Free blocks: 6914048-6946815
  Free inodes: 1728513-1736704
Group 212: (Blocks 6946816-6979583) csum 0x39ec [INODE_UNINIT, BLOCK_UNINIT]
  Block bitmap at 6815748 (bg #208 + 4), csum 0x00000000
  Inode bitmap at 6815764 (bg #208 + 20), csum 0x00000000
  Inode table at 6817824-6818335 (bg #208 + 2080)
  32768 free blocks, 8192 free inodes, 0 directories, 8192 unused inodes
  Free blocks: 6946816-6979583
  Free inodes: 1736705-1744896
Group 213: (Blocks 6979584-7012351) csum 0x27c7 [INODE_UNINIT, BLOCK_UNINIT]
  Block bitmap at 6815749 (bg #208 + 5), csum 0x00000000
  Inode bitmap at 6815765 (bg #208 + 21), csum 0x00000000
  Inode table at 6818336-6818847 (bg #208 + 2592)
  32768 free blocks, 8192 free inodes, 0 directories, 8192 unused inodes
  Free blocks: 6979584-7012351
  Free inodes: 1744897-1753088
Group 214: (Blocks 7012352-7045119) csum 0x734b [INODE_UNINIT, BLOCK_UNINIT]
  Block bitmap at 6815750 (bg #208 + 6), csum 0x00000000
  Inode bitmap at 6815766 (bg #208 + 22), csum 0x00000000
  Inode table at 6818848-6819359 (bg #208 + 3104)
  32768 free blocks, 8192 free inodes, 0 directories, 8192 unused inodes
  Free blocks: 7012352-7045119
  Free inodes: 1753089-1761280
Group 215: (Blocks 7045120-7077887) csum 0x6d60 [INODE_UNINIT, BLOCK_UNINIT]
  Block bitmap at 6815751 (bg #208 + 7), csum 0x00000000
  Inode bitmap at 6815767 (bg #208 + 23), csum 0x00000000
  Inode table at 6819360-6819871 (bg #208 + 3616)
  32768 free blocks, 8192 free inodes, 0 directories, 8192 unused inodes
  Free blocks: 7045120-7077887
  Free inodes: 1761281-1769472
Group 216: (Blocks 7077888-7110655) csum 0xf0cf [INODE_UNINIT, BLOCK_UNINIT]
  Block bitmap at 6815752 (bg #208 + 8), csum 0x00000000
  Inode bitmap at 6815768 (bg #208 + 24), csum 0x00000000
  Inode table at 6819872-6820383 (bg #208 + 4128)
  32768 free blocks, 8192 free inodes, 0 directories, 8192 unused inodes
  Free blocks: 7077888-7110655
  Free inodes: 1769473-1777664
Group 217: (Blocks 7110656-7143423) csum 0xeee4 [INODE_UNINIT, BLOCK_UNINIT]
  Block bitmap at 6815753 (bg #208 + 9), csum 0x00000000
  Inode bitmap at 6815769 (bg #208 + 25), csum 0x00000000
  Inode table at 6820384-6820895 (bg #208 + 4640)
  32768 free blocks, 8192 free inodes, 0 directories, 8192 unused inodes
  Free blocks: 7110656-7143423
  Free inodes: 1777665-1785856
Group 218: (Blocks 7143424-7176191) csum 0xba68 [INODE_UNINIT, BLOCK_UNINIT]
  Block bitmap at 6815754 (bg #208 + 10), csum 0x00000000
  Inode bitmap at 6815770 (bg #208 + 26), csum 0x00000000
  Inode table at 6820896-6821407 (bg #208 + 5152)
  32768 free blocks, 8192 free inodes, 0 directories, 8192 unused inodes
  Free blocks: 7143424-7176191
  Free inodes: 1785857-1794048
Group 219: (Blocks 7176192-7208959) csum 0xa443 [INODE_UNINIT, BLOCK_UNINIT]
  Block bitmap at 6815755 (bg #208 + 11), csum 0x00000000
  Inode bitmap at 6815771 (bg #208 + 27), csum 0x00000000
  Inode table at 6821408-6821919 (bg #208 + 5664)
  32768 free blocks, 8192 free inodes, 0 directories, 8192 unused inodes
  Free blocks: 7176192-7208959
  Free inodes: 1794049-1802240
Group 220: (Blocks 7208960-7241727) csum 0x6581 [INODE_UNINIT, BLOCK_UNINIT]
  Block bitmap at 6815756 (bg #208 + 12), csum 0x00000000
  Inode bitmap at 6815772 (bg #208 + 28), csum 0x00000000
  Inode table at 6821920-6822431 (bg #208 + 6176)
  32768 free blocks, 8192 free inodes, 0 directories, 8192 unused inodes
  Free blocks: 7208960-7241727
  Free inodes: 1802241-1810432
Group 221: (Blocks 7241728-7274495) csum 0x7baa [INODE_UNINIT, BLOCK_UNINIT]
  Block bitmap at 6815757 (bg #208 + 13), csum 0x00000000
  Inode bitmap at 6815773 (bg #208 + 29), csum 0x00000000
  Inode table at 6822432-6822943 (bg #208 + 6688)
  32768 free blocks, 8192 free inodes, 0 directories, 8192 unused inodes
  Free blocks: 7241728-7274495
  Free inodes: 1810433-1818624
Group 222: (Blocks 7274496-7307263) csum 0x2f26 [INODE_UNINIT, BLOCK_UNINIT]
  Block bitmap at 6815758 (bg #208 + 14), csum 0x00000000
  Inode bitmap at 6815774 (bg #208 + 30), csum 0x00000000
  Inode table at 6822944-6823455 (bg #208 + 7200)
  32768 free blocks, 8192 free inodes, 0 directories, 8192 unused inodes
  Free blocks: 7274496-7307263
  Free inodes: 1818625-1826816
Group 223: (Blocks 7307264-7340031) csum 0x310d [INODE_UNINIT, BLOCK_UNINIT]
  Block bitmap at 6815759 (bg #208 + 15), csum 0x00000000
  Inode bitmap at 6815775 (bg #208 + 31), csum 0x00000000
  Inode table at 6823456-6823967 (bg #208 + 7712)
  32768 free blocks, 8192 free inodes, 0 directories, 8192 unused inodes
  Free blocks: 7307264-7340031
  Free inodes: 1826817-1835008
Group 224: (Blocks 7340032-7372799) csum 0x50e4 [INODE_UNINIT]
  Block bitmap at 7340032 (+0), csum 0xcf475b8e
  Inode bitmap at 7340048 (+16), csum 0x00000000
  Inode table at 7340064-7340575 (+32)
  24544 free blocks, 8192 free inodes, 0 directories, 8192 unused inodes
  Free blocks: 7348256-7372799
  Free inodes: 1835009-1843200
Group 225: (Blocks 7372800-7405567) csum 0x3a7d [INODE_UNINIT, BLOCK_UNINIT]
  Block bitmap at 7340033 (bg #224 + 1), csum 0x00000000
  Inode bitmap at 7340049 (bg #224 + 17), csum 0x00000000
  Inode table at 7340576-7341087 (bg #224 + 544)
  32768 free blocks, 8192 free inodes, 0 directories, 8192 unused inodes
  Free blocks: 7372800-7405567
  Free inodes: 1843201-1851392
Group 226: (Blocks 7405568-7438335) csum 0x6ef1 [INODE_UNINIT, BLOCK_UNINIT]
  Block bitmap at 7340034 (bg #224 + 2), csum 0x00000000
  Inode bitmap at 7340050 (bg #224 + 18), csum 0x00000000
  Inode table at 7341088-7341599 (bg #224 + 1056)
  32768 free blocks, 8192 free inodes, 0 directories, 8192 unused inodes
  Free blocks: 7405568-7438335
  Free inodes: 1851393-1859584
Group 227: (Blocks 7438336-7471103) csum 0x70da [INODE_UNINIT, BLOCK_UNINIT]
  Block bitmap at 7340035 (bg #224 + 3), csum 0x00000000
  Inode bitmap at 7340051 (bg #224 + 19), csum 0x00000000
  Inode table at 7341600-7342111 (bg #224 + 1568)
  32768 free blocks, 8192 free inodes, 0 directories, 8192 unused inodes
  Free blocks: 7438336-7471103
  Free inodes: 1859585-1867776
Group 228: (Blocks 7471104-7503871) csum 0xb118 [INODE_UNINIT, BLOCK_UNINIT]
  Block bitmap at 7340036 (bg #224 + 4), csum 0x00000000
  Inode bitmap at 7340052 (bg #224 + 20), csum 0x00000000
  Inode table at 7342112-7342623 (bg #224 + 2080)
  32768 free blocks, 8192 free inodes, 0 directories, 8192 unused inodes
  Free blocks: 7471104-7503871
  Free inodes: 1867777-1875968
Group 229: (Blocks 7503872-7536639) csum 0xaf33 [INODE_UNINIT, BLOCK_UNINIT]
  Block bitmap at 7340037 (bg #224 + 5), csum 0x00000000
  Inode bitmap at 7340053 (bg #224 + 21), csum 0x00000000
  Inode table at 7342624-7343135 (bg #224 + 2592)
  32768 free blocks, 8192 free inodes, 0 directories, 8192 unused inodes
  Free blocks: 7503872-7536639
  Free inodes: 1875969-1884160
Group 230: (Blocks 7536640-7569407) csum 0xfbbf [INODE_UNINIT, BLOCK_UNINIT]
  Block bitmap at 7340038 (bg #224 + 6), csum 0x00000000
  Inode bitmap at 7340054 (bg #224 + 22), csum 0x00000000
  Inode table at 7343136-7343647 (bg #224 + 3104)
  32768 free blocks, 8192 free inodes, 0 directories, 8192 unused inodes
  Free blocks: 7536640-7569407
  Free inodes: 1884161-1892352
Group 231: (Blocks 7569408-7602175) csum 0xe594 [INODE_UNINIT, BLOCK_UNINIT]
  Block bitmap at 7340039 (bg #224 + 7), csum 0x00000000
  Inode bitmap at 7340055 (bg #224 + 23), csum 0x00000000
  Inode table at 7343648-7344159 (bg #224 + 3616)
  32768 free blocks, 8192 free inodes, 0 directories, 8192 unused inodes
  Free blocks: 7569408-7602175
  Free inodes: 1892353-1900544
Group 232: (Blocks 7602176-7634943) csum 0x783b [INODE_UNINIT, BLOCK_UNINIT]
  Block bitmap at 7340040 (bg #224 + 8), csum 0x00000000
  Inode bitmap at 7340056 (bg #224 + 24), csum 0x00000000
  Inode table at 7344160-7344671 (bg #224 + 4128)
  32768 free blocks, 8192 free inodes, 0 directories, 8192 unused inodes
  Free blocks: 7602176-7634943
  Free inodes: 1900545-1908736
Group 233: (Blocks 7634944-7667711) csum 0x6610 [INODE_UNINIT, BLOCK_UNINIT]
  Block bitmap at 7340041 (bg #224 + 9), csum 0x00000000
  Inode bitmap at 7340057 (bg #224 + 25), csum 0x00000000
  Inode table at 7344672-7345183 (bg #224 + 4640)
  32768 free blocks, 8192 free inodes, 0 directories, 8192 unused inodes
  Free blocks: 7634944-7667711
  Free inodes: 1908737-1916928
Group 234: (Blocks 7667712-7700479) csum 0x329c [INODE_UNINIT, BLOCK_UNINIT]
  Block bitmap at 7340042 (bg #224 + 10), csum 0x00000000
  Inode bitmap at 7340058 (bg #224 + 26), csum 0x00000000
  Inode table at 7345184-7345695 (bg #224 + 5152)
  32768 free blocks, 8192 free inodes, 0 directories, 8192 unused inodes
  Free blocks: 7667712-7700479
  Free inodes: 1916929-1925120
Group 235: (Blocks 7700480-7733247) csum 0x2cb7 [INODE_UNINIT, BLOCK_UNINIT]
  Block bitmap at 7340043 (bg #224 + 11), csum 0x00000000
  Inode bitmap at 7340059 (bg #224 + 27), csum 0x00000000
  Inode table at 7345696-7346207 (bg #224 + 5664)
  32768 free blocks, 8192 free inodes, 0 directories, 8192 unused inodes
  Free blocks: 7700480-7733247
  Free inodes: 1925121-1933312
Group 236: (Blocks 7733248-7766015) csum 0xed75 [INODE_UNINIT, BLOCK_UNINIT]
  Block bitmap at 7340044 (bg #224 + 12), csum 0x00000000
  Inode bitmap at 7340060 (bg #224 + 28), csum 0x00000000
  Inode table at 7346208-7346719 (bg #224 + 6176)
  32768 free blocks, 8192 free inodes, 0 directories, 8192 unused inodes
  Free blocks: 7733248-7766015
  Free inodes: 1933313-1941504
Group 237: (Blocks 7766016-7798783) csum 0xf35e [INODE_UNINIT, BLOCK_UNINIT]
  Block bitmap at 7340045 (bg #224 + 13), csum 0x00000000
  Inode bitmap at 7340061 (bg #224 + 29), csum 0x00000000
  Inode table at 7346720-7347231 (bg #224 + 6688)
  32768 free blocks, 8192 free inodes, 0 directories, 8192 unused inodes
  Free blocks: 7766016-7798783
  Free inodes: 1941505-1949696
Group 238: (Blocks 7798784-7831551) csum 0xa7d2 [INODE_UNINIT, BLOCK_UNINIT]
  Block bitmap at 7340046 (bg #224 + 14), csum 0x00000000
  Inode bitmap at 7340062 (bg #224 + 30), csum 0x00000000
  Inode table at 7347232-7347743 (bg #224 + 7200)
  32768 free blocks, 8192 free inodes, 0 directories, 8192 unused inodes
  Free blocks: 7798784-7831551
  Free inodes: 1949697-1957888
Group 239: (Blocks 7831552-7864319) csum 0xb9f9 [INODE_UNINIT, BLOCK_UNINIT]
  Block bitmap at 7340047 (bg #224 + 15), csum 0x00000000
  Inode bitmap at 7340063 (bg #224 + 31), csum 0x00000000
  Inode table at 7347744-7348255 (bg #224 + 7712)
  32768 free blocks, 8192 free inodes, 0 directories, 8192 unused inodes
  Free blocks: 7831552-7864319
  Free inodes: 1957889-1966080
Group 240: (Blocks 7864320-7897087) csum 0xd748 [INODE_UNINIT]
  Block bitmap at 7864320 (+0), csum 0xcf475b8e
  Inode bitmap at 7864336 (+16), csum 0x00000000
  Inode table at 7864352-7864863 (+32)
  24544 free blocks, 8192 free inodes, 0 directories, 8192 unused inodes
  Free blocks: 7872544-7897087
  Free inodes: 1966081-1974272
Group 241: (Blocks 7897088-7929855) csum 0xbdd1 [INODE_UNINIT, BLOCK_UNINIT]
  Block bitmap at 7864321 (bg #240 + 1), csum 0x00000000
  Inode bitmap at 7864337 (bg #240 + 17), csum 0x00000000
  Inode table at 7864864-7865375 (bg #240 + 544)
  32768 free blocks, 8192 free inodes, 0 directories, 8192 unused inodes
  Free blocks: 7897088-7929855
  Free inodes: 1974273-1982464
Group 242: (Blocks 7929856-7962623) csum 0xe95d [INODE_UNINIT, BLOCK_UNINIT]
  Block bitmap at 7864322 (bg #240 + 2), csum 0x00000000
  Inode bitmap at 7864338 (bg #240 + 18), csum 0x00000000
  Inode table at 7865376-7865887 (bg #240 + 1056)
  32768 free blocks, 8192 free inodes, 0 directories, 8192 unused inodes
  Free blocks: 7929856-7962623
  Free inodes: 1982465-1990656
Group 243: (Blocks 7962624-7995391) csum 0x4efb [INODE_UNINIT, BLOCK_UNINIT]
  Backup superblock at 7962624, Group descriptors at 7962625-7962683
  Reserved GDT blocks at 7962684-7963707
  Block bitmap at 7864323 (bg #240 + 3), csum 0x00000000
  Inode bitmap at 7864339 (bg #240 + 19), csum 0x00000000
  Inode table at 7865888-7866399 (bg #240 + 1568)
  31684 free blocks, 8192 free inodes, 0 directories, 8192 unused inodes
  Free blocks: 7963708-7995391
  Free inodes: 1990657-1998848
Group 244: (Blocks 7995392-8028159) csum 0x36b4 [INODE_UNINIT, BLOCK_UNINIT]
  Block bitmap at 7864324 (bg #240 + 4), csum 0x00000000
  Inode bitmap at 7864340 (bg #240 + 20), csum 0x00000000
  Inode table at 7866400-7866911 (bg #240 + 2080)
  32768 free blocks, 8192 free inodes, 0 directories, 8192 unused inodes
  Free blocks: 7995392-8028159
  Free inodes: 1998849-2007040
Group 245: (Blocks 8028160-8060927) csum 0x289f [INODE_UNINIT, BLOCK_UNINIT]
  Block bitmap at 7864325 (bg #240 + 5), csum 0x00000000
  Inode bitmap at 7864341 (bg #240 + 21), csum 0x00000000
  Inode table at 7866912-7867423 (bg #240 + 2592)
  32768 free blocks, 8192 free inodes, 0 directories, 8192 unused inodes
  Free blocks: 8028160-8060927
  Free inodes: 2007041-2015232
Group 246: (Blocks 8060928-8093695) csum 0x7c13 [INODE_UNINIT, BLOCK_UNINIT]
  Block bitmap at 7864326 (bg #240 + 6), csum 0x00000000
  Inode bitmap at 7864342 (bg #240 + 22), csum 0x00000000
  Inode table at 7867424-7867935 (bg #240 + 3104)
  32768 free blocks, 8192 free inodes, 0 directories, 8192 unused inodes
  Free blocks: 8060928-8093695
  Free inodes: 2015233-2023424
Group 247: (Blocks 8093696-8126463) csum 0x6238 [INODE_UNINIT, BLOCK_UNINIT]
  Block bitmap at 7864327 (bg #240 + 7), csum 0x00000000
  Inode bitmap at 7864343 (bg #240 + 23), csum 0x00000000
  Inode table at 7867936-7868447 (bg #240 + 3616)
  32768 free blocks, 8192 free inodes, 0 directories, 8192 unused inodes
  Free blocks: 8093696-8126463
  Free inodes: 2023425-2031616
Group 248: (Blocks 8126464-8159231) csum 0xff97 [INODE_UNINIT, BLOCK_UNINIT]
  Block bitmap at 7864328 (bg #240 + 8), csum 0x00000000
  Inode bitmap at 7864344 (bg #240 + 24), csum 0x00000000
  Inode table at 7868448-7868959 (bg #240 + 4128)
  32768 free blocks, 8192 free inodes, 0 directories, 8192 unused inodes
  Free blocks: 8126464-8159231
  Free inodes: 2031617-2039808
Group 249: (Blocks 8159232-8191999) csum 0xe1bc [INODE_UNINIT, BLOCK_UNINIT]
  Block bitmap at 7864329 (bg #240 + 9), csum 0x00000000
  Inode bitmap at 7864345 (bg #240 + 25), csum 0x00000000
  Inode table at 7868960-7869471 (bg #240 + 4640)
  32768 free blocks, 8192 free inodes, 0 directories, 8192 unused inodes
  Free blocks: 8159232-8191999
  Free inodes: 2039809-2048000
Group 250: (Blocks 8192000-8224767) csum 0xb530 [INODE_UNINIT, BLOCK_UNINIT]
  Block bitmap at 7864330 (bg #240 + 10), csum 0x00000000
  Inode bitmap at 7864346 (bg #240 + 26), csum 0x00000000
  Inode table at 7869472-7869983 (bg #240 + 5152)
  32768 free blocks, 8192 free inodes, 0 directories, 8192 unused inodes
  Free blocks: 8192000-8224767
  Free inodes: 2048001-2056192
Group 251: (Blocks 8224768-8257535) csum 0xab1b [INODE_UNINIT, BLOCK_UNINIT]
  Block bitmap at 7864331 (bg #240 + 11), csum 0x00000000
  Inode bitmap at 7864347 (bg #240 + 27), csum 0x00000000
  Inode table at 7869984-7870495 (bg #240 + 5664)
  32768 free blocks, 8192 free inodes, 0 directories, 8192 unused inodes
  Free blocks: 8224768-8257535
  Free inodes: 2056193-2064384
Group 252: (Blocks 8257536-8290303) csum 0x6ad9 [INODE_UNINIT, BLOCK_UNINIT]
  Block bitmap at 7864332 (bg #240 + 12), csum 0x00000000
  Inode bitmap at 7864348 (bg #240 + 28), csum 0x00000000
  Inode table at 7870496-7871007 (bg #240 + 6176)
  32768 free blocks, 8192 free inodes, 0 directories, 8192 unused inodes
  Free blocks: 8257536-8290303
  Free inodes: 2064385-2072576
Group 253: (Blocks 8290304-8323071) csum 0x74f2 [INODE_UNINIT, BLOCK_UNINIT]
  Block bitmap at 7864333 (bg #240 + 13), csum 0x00000000
  Inode bitmap at 7864349 (bg #240 + 29), csum 0x00000000
  Inode table at 7871008-7871519 (bg #240 + 6688)
  32768 free blocks, 8192 free inodes, 0 directories, 8192 unused inodes
  Free blocks: 8290304-8323071
  Free inodes: 2072577-2080768
Group 254: (Blocks 8323072-8355839) csum 0x207e [INODE_UNINIT, BLOCK_UNINIT]
  Block bitmap at 7864334 (bg #240 + 14), csum 0x00000000
  Inode bitmap at 7864350 (bg #240 + 30), csum 0x00000000
  Inode table at 7871520-7872031 (bg #240 + 7200)
  32768 free blocks, 8192 free inodes, 0 directories, 8192 unused inodes
  Free blocks: 8323072-8355839
  Free inodes: 2080769-2088960
Group 255: (Blocks 8355840-8388607) csum 0x3e55 [INODE_UNINIT, BLOCK_UNINIT]
  Block bitmap at 7864335 (bg #240 + 15), csum 0x00000000
  Inode bitmap at 7864351 (bg #240 + 31), csum 0x00000000
  Inode table at 7872032-7872543 (bg #240 + 7712)
  32768 free blocks, 8192 free inodes, 0 directories, 8192 unused inodes
  Free blocks: 8355840-8388607
  Free inodes: 2088961-2097152
Group 256: (Blocks 8388608-8421375) csum 0x467b [INODE_UNINIT]
  Block bitmap at 8388608 (+0), csum 0xcf475b8e
  Inode bitmap at 8388624 (+16), csum 0x00000000
  Inode table at 8388640-8389151 (+32)
  24544 free blocks, 8192 free inodes, 0 directories, 8192 unused inodes
  Free blocks: 8396832-8421375
  Free inodes: 2097153-2105344
Group 257: (Blocks 8421376-8454143) csum 0x2ce2 [INODE_UNINIT, BLOCK_UNINIT]
  Block bitmap at 8388609 (bg #256 + 1), csum 0x00000000
  Inode bitmap at 8388625 (bg #256 + 17), csum 0x00000000
  Inode table at 8389152-8389663 (bg #256 + 544)
  32768 free blocks, 8192 free inodes, 0 directories, 8192 unused inodes
  Free blocks: 8421376-8454143
  Free inodes: 2105345-2113536
Group 258: (Blocks 8454144-8486911) csum 0x786e [INODE_UNINIT, BLOCK_UNINIT]
  Block bitmap at 8388610 (bg #256 + 2), csum 0x00000000
  Inode bitmap at 8388626 (bg #256 + 18), csum 0x00000000
  Inode table at 8389664-8390175 (bg #256 + 1056)
  32768 free blocks, 8192 free inodes, 0 directories, 8192 unused inodes
  Free blocks: 8454144-8486911
  Free inodes: 2113537-2121728
Group 259: (Blocks 8486912-8519679) csum 0x6645 [INODE_UNINIT, BLOCK_UNINIT]
  Block bitmap at 8388611 (bg #256 + 3), csum 0x00000000
  Inode bitmap at 8388627 (bg #256 + 19), csum 0x00000000
  Inode table at 8390176-8390687 (bg #256 + 1568)
  32768 free blocks, 8192 free inodes, 0 directories, 8192 unused inodes
  Free blocks: 8486912-8519679
  Free inodes: 2121729-2129920
Group 260: (Blocks 8519680-8552447) csum 0xa787 [INODE_UNINIT, BLOCK_UNINIT]
  Block bitmap at 8388612 (bg #256 + 4), csum 0x00000000
  Inode bitmap at 8388628 (bg #256 + 20), csum 0x00000000
  Inode table at 8390688-8391199 (bg #256 + 2080)
  32768 free blocks, 8192 free inodes, 0 directories, 8192 unused inodes
  Free blocks: 8519680-8552447
  Free inodes: 2129921-2138112
Group 261: (Blocks 8552448-8585215) csum 0xb9ac [INODE_UNINIT, BLOCK_UNINIT]
